Archive member included to satisfy reference by file (symbol)

/usr/lib/gcc/arm-none-eabi/10.3.1/thumb/v6-m/nofp/libgcc.a(_dvmd_tls.o)
                              CMakeFiles/vga.dir/home/dwerner/pico-sdk/src/rp2_common/pico_divider/divider_hardware.S.o (__aeabi_idiv0)
/usr/lib/gcc/arm-none-eabi/10.3.1/../../../arm-none-eabi/lib/thumb/v6-m/nofp/libg.a(lib_a-atexit.o)
                              /usr/lib/gcc/arm-none-eabi/10.3.1/../../../arm-none-eabi/lib/thumb/v6-m/nofp/crt0.o (atexit)
/usr/lib/gcc/arm-none-eabi/10.3.1/../../../arm-none-eabi/lib/thumb/v6-m/nofp/libg.a(lib_a-calloc.o)
                              CMakeFiles/vga.dir/home/dwerner/pico-sdk/src/rp2_common/pico_malloc/malloc.c.o (calloc)
/usr/lib/gcc/arm-none-eabi/10.3.1/../../../arm-none-eabi/lib/thumb/v6-m/nofp/libg.a(lib_a-callocr.o)
                              /usr/lib/gcc/arm-none-eabi/10.3.1/../../../arm-none-eabi/lib/thumb/v6-m/nofp/libg.a(lib_a-calloc.o) (_calloc_r)
/usr/lib/gcc/arm-none-eabi/10.3.1/../../../arm-none-eabi/lib/thumb/v6-m/nofp/libg.a(lib_a-fini.o)
                              /usr/lib/gcc/arm-none-eabi/10.3.1/../../../arm-none-eabi/lib/thumb/v6-m/nofp/crt0.o (__libc_fini_array)
/usr/lib/gcc/arm-none-eabi/10.3.1/../../../arm-none-eabi/lib/thumb/v6-m/nofp/libg.a(lib_a-impure.o)
                              /usr/lib/gcc/arm-none-eabi/10.3.1/../../../arm-none-eabi/lib/thumb/v6-m/nofp/libg.a(lib_a-calloc.o) (_impure_ptr)
/usr/lib/gcc/arm-none-eabi/10.3.1/../../../arm-none-eabi/lib/thumb/v6-m/nofp/libg.a(lib_a-init.o)
                              /usr/lib/gcc/arm-none-eabi/10.3.1/../../../arm-none-eabi/lib/thumb/v6-m/nofp/crt0.o (__libc_init_array)
/usr/lib/gcc/arm-none-eabi/10.3.1/../../../arm-none-eabi/lib/thumb/v6-m/nofp/libg.a(lib_a-lcltime_r.o)
                              CMakeFiles/vga.dir/home/dwerner/pico-sdk/src/common/pico_util/datetime.c.o (localtime_r)
/usr/lib/gcc/arm-none-eabi/10.3.1/../../../arm-none-eabi/lib/thumb/v6-m/nofp/libg.a(lib_a-malloc.o)
                              CMakeFiles/vga.dir/home/dwerner/pico-sdk/src/rp2_common/pico_malloc/malloc.c.o (malloc)
/usr/lib/gcc/arm-none-eabi/10.3.1/../../../arm-none-eabi/lib/thumb/v6-m/nofp/libg.a(lib_a-mallocr.o)
                              /usr/lib/gcc/arm-none-eabi/10.3.1/../../../arm-none-eabi/lib/thumb/v6-m/nofp/libg.a(lib_a-callocr.o) (_malloc_r)
/usr/lib/gcc/arm-none-eabi/10.3.1/../../../arm-none-eabi/lib/thumb/v6-m/nofp/libg.a(lib_a-memcmp.o)
                              CMakeFiles/vga.dir/home/dwerner/pico-sdk/src/rp2_common/pico_atomic/atomic.c.o (memcmp)
/usr/lib/gcc/arm-none-eabi/10.3.1/../../../arm-none-eabi/lib/thumb/v6-m/nofp/libg.a(lib_a-mktime.o)
                              CMakeFiles/vga.dir/home/dwerner/pico-sdk/src/common/pico_util/datetime.c.o (mktime)
/usr/lib/gcc/arm-none-eabi/10.3.1/../../../arm-none-eabi/lib/thumb/v6-m/nofp/libg.a(lib_a-mlock.o)
                              /usr/lib/gcc/arm-none-eabi/10.3.1/../../../arm-none-eabi/lib/thumb/v6-m/nofp/libg.a(lib_a-mallocr.o) (__malloc_lock)
/usr/lib/gcc/arm-none-eabi/10.3.1/../../../arm-none-eabi/lib/thumb/v6-m/nofp/libg.a(lib_a-month_lengths.o)
                              /usr/lib/gcc/arm-none-eabi/10.3.1/../../../arm-none-eabi/lib/thumb/v6-m/nofp/libg.a(lib_a-lcltime_r.o) (__month_lengths)
/usr/lib/gcc/arm-none-eabi/10.3.1/../../../arm-none-eabi/lib/thumb/v6-m/nofp/libg.a(lib_a-realloc.o)
                              CMakeFiles/vga.dir/home/dwerner/pico-sdk/src/rp2_common/pico_malloc/malloc.c.o (realloc)
/usr/lib/gcc/arm-none-eabi/10.3.1/../../../arm-none-eabi/lib/thumb/v6-m/nofp/libg.a(lib_a-reallocr.o)
                              /usr/lib/gcc/arm-none-eabi/10.3.1/../../../arm-none-eabi/lib/thumb/v6-m/nofp/libg.a(lib_a-realloc.o) (_realloc_r)
/usr/lib/gcc/arm-none-eabi/10.3.1/../../../arm-none-eabi/lib/thumb/v6-m/nofp/libg.a(lib_a-sbrkr.o)
                              /usr/lib/gcc/arm-none-eabi/10.3.1/../../../arm-none-eabi/lib/thumb/v6-m/nofp/libg.a(lib_a-mallocr.o) (_sbrk_r)
/usr/lib/gcc/arm-none-eabi/10.3.1/../../../arm-none-eabi/lib/thumb/v6-m/nofp/libg.a(lib_a-strlen-stub.o)
                              CMakeFiles/vga.dir/home/dwerner/pico-sdk/src/rp2_common/pico_stdio/stdio.c.o (strlen)
/usr/lib/gcc/arm-none-eabi/10.3.1/../../../arm-none-eabi/lib/thumb/v6-m/nofp/libg.a(lib_a-tzcalc_limits.o)
                              /usr/lib/gcc/arm-none-eabi/10.3.1/../../../arm-none-eabi/lib/thumb/v6-m/nofp/libg.a(lib_a-lcltime_r.o) (__tzcalc_limits)
/usr/lib/gcc/arm-none-eabi/10.3.1/../../../arm-none-eabi/lib/thumb/v6-m/nofp/libg.a(lib_a-tzlock.o)
                              /usr/lib/gcc/arm-none-eabi/10.3.1/../../../arm-none-eabi/lib/thumb/v6-m/nofp/libg.a(lib_a-lcltime_r.o) (__tz_lock)
/usr/lib/gcc/arm-none-eabi/10.3.1/../../../arm-none-eabi/lib/thumb/v6-m/nofp/libg.a(lib_a-tzset.o)
                              /usr/lib/gcc/arm-none-eabi/10.3.1/../../../arm-none-eabi/lib/thumb/v6-m/nofp/libg.a(lib_a-lcltime_r.o) (_tzset_unlocked)
[...]
Memory Configuration

Name             Origin             Length             Attributes
FLASH            0x0000000010000000 0x00000000001e0000 xr
FLASH_PERSISTENT 0x00000000101e0000 0x0000000000020000 r
RAM              0x0000000020000000 0x0000000000040000 xrw
SCRATCH_X        0x0000000020040000 0x0000000000001000 xrw
SCRATCH_Y        0x0000000020041000 0x0000000000001000 xrw
*default*        0x0000000000000000 0xffffffffffffffff

Linker script and memory map

LOAD /usr/lib/gcc/arm-none-eabi/10.3.1/thumb/v6-m/nofp/crti.o
LOAD /usr/lib/gcc/arm-none-eabi/10.3.1/thumb/v6-m/nofp/crtbegin.o
LOAD /usr/lib/gcc/arm-none-eabi/10.3.1/../../../arm-none-eabi/lib/thumb/v6-m/nofp/crt0.o
                0x0000000000020000                __PERSISTENT_STORAGE_LEN = 0x20000

.flash_begin    0x0000000010000000        0x0
                0x0000000010000000                __flash_binary_start = .

.boot2          0x0000000010000000      0x100
                0x0000000010000000                __boot2_start__ = .
 *(.boot2)
 .boot2         0x0000000010000000      0x100 pico-sdk/src/rp2040/boot_stage2/CMakeFiles/bs2_default_library.dir/bs2_default_padded_checksummed.S.o
                0x0000000010000100                __boot2_end__ = .
                0x0000000000000001                ASSERT (((__boot2_end__ - __boot2_start__) == 0x100), ERROR: Pico second stage bootloader must be 256 bytes in size)

.flashtext      0x0000000010000100      0x190
                0x0000000010000100                __logical_binary_start = .
 *(.vectors)
 .vectors       0x0000000010000100       0xd4 CMakeFiles/vga.dir/home/dwerner/pico-sdk/src/rp2_common/pico_crt0/crt0.S.o
                0x0000000010000100                __vectors
                0x0000000010000100                __VECTOR_TABLE
                0x00000000100001c0                isr_invalid
                0x00000000100001c0                __default_isrs_start
                0x00000000100001c2                isr_nmi
                0x00000000100001c4                isr_hardfault
                0x00000000100001c6                isr_svcall
                0x00000000100001c8                isr_pendsv
                0x00000000100001ca                isr_systick
                0x00000000100001cc                isr_irq30
                0x00000000100001cc                __unhandled_user_irq
                0x00000000100001cc                isr_irq13
                0x00000000100001cc                isr_irq27
                0x00000000100001cc                isr_irq31
                0x00000000100001cc                isr_irq5
                0x00000000100001cc                isr_irq11
                0x00000000100001cc                isr_irq23
                0x00000000100001cc                isr_irq18
                0x00000000100001cc                isr_irq28
                0x00000000100001cc                isr_irq19
                0x00000000100001cc                isr_irq0
                0x00000000100001cc                isr_irq6
                0x00000000100001cc                isr_irq22
                0x00000000100001cc                isr_irq17
                0x00000000100001cc                isr_irq14
                0x00000000100001cc                isr_irq2
                0x00000000100001cc                isr_irq10
                0x00000000100001cc                isr_irq8
                0x00000000100001cc                isr_irq24
                0x00000000100001cc                isr_irq1
                0x00000000100001cc                isr_irq7
                0x00000000100001cc                isr_irq21
                0x00000000100001cc                isr_irq20
                0x00000000100001cc                isr_irq15
                0x00000000100001cc                isr_irq25
                0x00000000100001cc                isr_irq4
                0x00000000100001cc                isr_irq16
                0x00000000100001cc                isr_irq29
                0x00000000100001cc                isr_irq26
                0x00000000100001cc                __default_isrs_end
                0x00000000100001cc                isr_irq3
                0x00000000100001cc                isr_irq12
                0x00000000100001cc                isr_irq9
                0x00000000100001d2                unhandled_user_irq_num_in_r0
 *(.binary_info_header)
 .binary_info_header
                0x00000000100001d4       0x14 CMakeFiles/vga.dir/home/dwerner/pico-sdk/src/rp2_common/pico_crt0/crt0.S.o
                0x00000000100001e8                __binary_info_header_end = .
 *(.reset)
 .reset         0x00000000100001e8       0xa8 CMakeFiles/vga.dir/home/dwerner/pico-sdk/src/rp2_common/pico_crt0/crt0.S.o
                0x00000000100001e8                _entry_point

.rodata         0x0000000010000290      0x800
 *(SORT_BY_ALIGNMENT(SORT_BY_NAME(.flashdata*)))
 .flashdata.chr_rom
                0x0000000010000290      0x800 CMakeFiles/vga.dir/textfont/iie_us_enhanced.c.o
                0x0000000010000290                textfont_iie_us_enhanced
                0x0000000010000a90                . = ALIGN (0x4)

.ARM.extab
 *(.ARM.extab* .gnu.linkonce.armextab.*)
                0x0000000010000a90                __exidx_start = .

.ARM.exidx
 *(.ARM.exidx* .gnu.linkonce.armexidx.*)
                0x0000000010000a90                __exidx_end = .
                0x0000000010000a90                . = ALIGN (0x4)
                0x0000000010000a90                __binary_info_start = .

.binary_info    0x0000000010000a90       0x1c
 *(.binary_info.keep.*)
 .binary_info.keep.__bi_ptr26
                0x0000000010000a90        0x4 CMakeFiles/vga.dir/home/dwerner/pico-sdk/src/rp2_common/pico_standard_binary_info/standard_binary_info.c.o
 .binary_info.keep.__bi_ptr34
                0x0000000010000a94        0x4 CMakeFiles/vga.dir/home/dwerner/pico-sdk/src/rp2_common/pico_standard_binary_info/standard_binary_info.c.o
 .binary_info.keep.__bi_ptr42
                0x0000000010000a98        0x4 CMakeFiles/vga.dir/home/dwerner/pico-sdk/src/rp2_common/pico_standard_binary_info/standard_binary_info.c.o
 .binary_info.keep.__bi_ptr48
                0x0000000010000a9c        0x4 CMakeFiles/vga.dir/home/dwerner/pico-sdk/src/rp2_common/pico_standard_binary_info/standard_binary_info.c.o
 .binary_info.keep.__bi_ptr54
                0x0000000010000aa0        0x4 CMakeFiles/vga.dir/home/dwerner/pico-sdk/src/rp2_common/pico_standard_binary_info/standard_binary_info.c.o
 .binary_info.keep.__bi_ptr78
                0x0000000010000aa4        0x4 CMakeFiles/vga.dir/home/dwerner/pico-sdk/src/rp2_common/pico_standard_binary_info/standard_binary_info.c.o
 .binary_info.keep.__bi_ptr84
                0x0000000010000aa8        0x4 CMakeFiles/vga.dir/home/dwerner/pico-sdk/src/rp2_common/pico_standard_binary_info/standard_binary_info.c.o
 *(.binary_info.*)
                0x0000000010000aac                __binary_info_end = .
                0x0000000010000aac                . = ALIGN (0x4)

.ram_vector_table
                0x0000000020000000       0xc0
 *(.ram_vector_table)
 .ram_vector_table
                0x0000000020000000       0xc0 CMakeFiles/vga.dir/home/dwerner/pico-sdk/src/rp2_common/pico_runtime_init/runtime_init.c.o
                0x0000000020000000                ram_vector_table

.text           0x00000000200000c0     0x3aec load address 0x0000000010000aac
                0x00000000200000c0                __ram_text_start__ = .
 *(.init)
 .init          0x00000000200000c0        0x4 /usr/lib/gcc/arm-none-eabi/10.3.1/thumb/v6-m/nofp/crti.o
                0x00000000200000c0                _init
 *(.text*)
 .text          0x00000000200000c4       0x98 /usr/lib/gcc/arm-none-eabi/10.3.1/thumb/v6-m/nofp/crtbegin.o
 .text.core1_main
                0x000000002000015c        0xc CMakeFiles/vga.dir/main.c.o
 .text.startup.main
                0x0000000020000168       0x5c CMakeFiles/vga.dir/main.c.o
                0x0000000020000168                main
 .text.abus_init
                0x00000000200001c4      0x10c CMakeFiles/vga.dir/abus.c.o
                0x00000000200001c4                abus_init
 .text.abus_loop
                0x00000000200002d0       0x48 CMakeFiles/vga.dir/abus.c.o
                0x00000000200002d0                abus_loop
 .text.config_load
                0x0000000020000318       0x8c CMakeFiles/vga.dir/config.c.o
                0x0000000020000318                config_load
 .text.config_load_defaults
                0x00000000200003a4       0x24 CMakeFiles/vga.dir/config.c.o
                0x00000000200003a4                config_load_defaults
 .text.config_save
                0x00000000200003c8       0x7c CMakeFiles/vga.dir/config.c.o
                0x00000000200003c8                config_save
 .text.device_write
                0x0000000020000444      0x178 CMakeFiles/vga.dir/device_regs.c.o
                0x0000000020000444                device_write
 .text.render_loop
                0x00000000200005bc       0x74 CMakeFiles/vga.dir/render.c.o
                0x00000000200005bc                render_loop
 .text.render_dhires_line
                0x0000000020000630       0xb0 CMakeFiles/vga.dir/render_hires.c.o
 .text.render_hires_line
                0x00000000200006e0       0xb0 CMakeFiles/vga.dir/render_hires.c.o
 .text.render_mhires_line
                0x0000000020000790      0x144 CMakeFiles/vga.dir/render_hires.c.o
 .text.render_qhires_line
                0x00000000200008d4      0x1bc CMakeFiles/vga.dir/render_hires.c.o
 .text.render_hires
                0x0000000020000a90       0x8c CMakeFiles/vga.dir/render_hires.c.o
                0x0000000020000a90                render_hires
 .text.render_dlores_line
                0x0000000020000b1c       0xfc CMakeFiles/vga.dir/render_lores.c.o
 .text.render_lores_line
                0x0000000020000c18       0xe0 CMakeFiles/vga.dir/render_lores.c.o
 .text.render_lores
                0x0000000020000cf8       0x44 CMakeFiles/vga.dir/render_lores.c.o
                0x0000000020000cf8                render_lores
 .text.render_mixed_lores
                0x0000000020000d3c       0x5c CMakeFiles/vga.dir/render_lores.c.o
                0x0000000020000d3c                render_mixed_lores
 .text.render_text_line
                0x0000000020000d98      0x370 CMakeFiles/vga.dir/render_text.c.o
                0x0000000020000d98                render_text_line
 .text.render_text
                0x0000000020001108       0x1c CMakeFiles/vga.dir/render_text.c.o
                0x0000000020001108                render_text
 .text.vga_dma_irq_handler
                0x0000000020001124       0xc0 CMakeFiles/vga.dir/vga.c.o
 .text.vga_init
                0x00000000200011e4      0x230 CMakeFiles/vga.dir/vga.c.o
                0x00000000200011e4                vga_init
 .text.vga_prepare_scanline
                0x0000000020001414       0x44 CMakeFiles/vga.dir/vga.c.o
                0x0000000020001414                vga_prepare_scanline
 .text.vga_submit_scanline
                0x0000000020001458       0x88 CMakeFiles/vga.dir/vga.c.o
                0x0000000020001458                vga_submit_scanline
 .text.vga_prepare_frame
                0x00000000200014e0       0xd8 CMakeFiles/vga.dir/vga.c.o
                0x00000000200014e0                vga_prepare_frame
 .text.vga_skip_lines
                0x00000000200015b8      0x128 CMakeFiles/vga.dir/vga.c.o
                0x00000000200015b8                vga_skip_lines
 .text.core1_trampoline
                0x00000000200016e0        0x4 CMakeFiles/vga.dir/home/dwerner/pico-sdk/src/rp2_common/pico_multicore/multicore.c.o
 .text.core1_wrapper
                0x00000000200016e4        0xc CMakeFiles/vga.dir/home/dwerner/pico-sdk/src/rp2_common/pico_multicore/multicore.c.o
                0x00000000200016e4                core1_wrapper
 .text.multicore_launch_core1_raw
                0x00000000200016f0       0x84 CMakeFiles/vga.dir/home/dwerner/pico-sdk/src/rp2_common/pico_multicore/multicore.c.o
                0x00000000200016f0                multicore_launch_core1_raw
 .text.multicore_launch_core1
                0x0000000020001774       0x4c CMakeFiles/vga.dir/home/dwerner/pico-sdk/src/rp2_common/pico_multicore/multicore.c.o
                0x0000000020001774                multicore_launch_core1
 .text.lock_init
                0x00000000200017c0       0x10 CMakeFiles/vga.dir/home/dwerner/pico-sdk/src/common/pico_sync/lock_core.c.o
                0x00000000200017c0                lock_init
 .text.runtime_init_mutex
                0x00000000200017d0       0x58 CMakeFiles/vga.dir/home/dwerner/pico-sdk/src/common/pico_sync/mutex.c.o
                0x00000000200017d0                runtime_init_mutex
 .text.sleep_until_callback
                0x0000000020001828       0x30 CMakeFiles/vga.dir/home/dwerner/pico-sdk/src/common/pico_time/time.c.o
 .text.alarm_pool_irq_handler
                0x0000000020001858      0x308 CMakeFiles/vga.dir/home/dwerner/pico-sdk/src/common/pico_time/time.c.o
 .text.runtime_init_default_alarm_pool
                0x0000000020001b60       0xdc CMakeFiles/vga.dir/home/dwerner/pico-sdk/src/common/pico_time/time.c.o
                0x0000000020001b60                runtime_init_default_alarm_pool
 .text.alarm_pool_add_alarm_at_force_in_context
                0x0000000020001c3c       0xb0 CMakeFiles/vga.dir/home/dwerner/pico-sdk/src/common/pico_time/time.c.o
                0x0000000020001c3c                alarm_pool_add_alarm_at_force_in_context
 .text.alarm_pool_cancel_alarm
                0x0000000020001cec       0x7c CMakeFiles/vga.dir/home/dwerner/pico-sdk/src/common/pico_time/time.c.o
                0x0000000020001cec                alarm_pool_cancel_alarm
 .text.best_effort_wfe_or_timeout
                0x0000000020001d68       0xe0 CMakeFiles/vga.dir/home/dwerner/pico-sdk/src/common/pico_time/time.c.o
                0x0000000020001d68                best_effort_wfe_or_timeout
 .text.timer_hardware_alarm_claim
                0x0000000020001e48       0x14 CMakeFiles/vga.dir/home/dwerner/pico-sdk/src/rp2_common/hardware_timer/timer.c.o
                0x0000000020001e48                timer_hardware_alarm_claim
 .text.timer_time_us_64
                0x0000000020001e5c       0x10 CMakeFiles/vga.dir/home/dwerner/pico-sdk/src/rp2_common/hardware_timer/timer.c.o
                0x0000000020001e5c                timer_time_us_64
 .text.time_us_64
                0x0000000020001e6c       0x14 CMakeFiles/vga.dir/home/dwerner/pico-sdk/src/rp2_common/hardware_timer/timer.c.o
                0x0000000020001e6c                time_us_64
 .text.panic    0x0000000020001e80       0x30 CMakeFiles/vga.dir/home/dwerner/pico-sdk/src/rp2_common/pico_platform_panic/panic.c.o
                0x0000000020001e80                panic
 .text.hw_claim_lock
                0x0000000020001eb0       0x18 CMakeFiles/vga.dir/home/dwerner/pico-sdk/src/common/hardware_claim/claim.c.o
                0x0000000020001eb0                hw_claim_lock
 .text.hw_claim_unlock
                0x0000000020001ec8       0x14 CMakeFiles/vga.dir/home/dwerner/pico-sdk/src/common/hardware_claim/claim.c.o
                0x0000000020001ec8                hw_claim_unlock
 .text.hw_claim_or_assert
                0x0000000020001edc       0x44 CMakeFiles/vga.dir/home/dwerner/pico-sdk/src/common/hardware_claim/claim.c.o
                0x0000000020001edc                hw_claim_or_assert
 .text.hw_claim_unused_from_range
                0x0000000020001f20       0x9c CMakeFiles/vga.dir/home/dwerner/pico-sdk/src/common/hardware_claim/claim.c.o
                0x0000000020001f20                hw_claim_unused_from_range
 .text.next_striped_spin_lock_num
                0x0000000020001fbc       0x18 CMakeFiles/vga.dir/home/dwerner/pico-sdk/src/rp2_common/hardware_sync/sync.c.o
                0x0000000020001fbc                next_striped_spin_lock_num
 .text.spin_lock_claim
                0x0000000020001fd4       0x18 CMakeFiles/vga.dir/home/dwerner/pico-sdk/src/rp2_common/hardware_sync/sync.c.o
                0x0000000020001fd4                spin_lock_claim
 .text.spin_locks_reset
                0x0000000020001fec       0x1c CMakeFiles/vga.dir/home/dwerner/pico-sdk/src/rp2_common/hardware_sync_spin_lock/sync_spin_lock.c.o
                0x0000000020001fec                spin_locks_reset
 .text.spin_lock_init
                0x0000000020002008       0x18 CMakeFiles/vga.dir/home/dwerner/pico-sdk/src/rp2_common/hardware_sync_spin_lock/sync_spin_lock.c.o
                0x0000000020002008                spin_lock_init
 .text.runtime_init_per_core_irq_priorities
                0x0000000020002020       0x24 CMakeFiles/vga.dir/home/dwerner/pico-sdk/src/rp2_common/hardware_irq/irq.c.o
                0x0000000020002020                runtime_init_per_core_irq_priorities
 .text.irq_set_enabled
                0x0000000020002044       0x24 CMakeFiles/vga.dir/home/dwerner/pico-sdk/src/rp2_common/hardware_irq/irq.c.o
                0x0000000020002044                irq_set_enabled
 .text.irq_is_enabled
                0x0000000020002068       0x18 CMakeFiles/vga.dir/home/dwerner/pico-sdk/src/rp2_common/hardware_irq/irq.c.o
                0x0000000020002068                irq_is_enabled
 .text.irq_set_exclusive_handler
                0x0000000020002080       0x54 CMakeFiles/vga.dir/home/dwerner/pico-sdk/src/rp2_common/hardware_irq/irq.c.o
                0x0000000020002080                irq_set_exclusive_handler
 .text.gpio_set_function
                0x00000000200020d4       0x34 CMakeFiles/vga.dir/home/dwerner/pico-sdk/src/rp2_common/hardware_gpio/gpio.c.o
                0x00000000200020d4                gpio_set_function
 .text.gpio_set_pulls
                0x0000000020002108       0x34 CMakeFiles/vga.dir/home/dwerner/pico-sdk/src/rp2_common/hardware_gpio/gpio.c.o
                0x0000000020002108                gpio_set_pulls
 .text.gpio_init
                0x000000002000213c       0x40 CMakeFiles/vga.dir/home/dwerner/pico-sdk/src/rp2_common/hardware_gpio/gpio.c.o
                0x000000002000213c                gpio_init
 .text.clock_configure_int_divider
                0x000000002000217c       0xf4 CMakeFiles/vga.dir/home/dwerner/pico-sdk/src/rp2_common/hardware_clocks/clocks.c.o
                0x000000002000217c                clock_configure_int_divider
 .text.clock_configure_undivided
                0x0000000020002270       0xe8 CMakeFiles/vga.dir/home/dwerner/pico-sdk/src/rp2_common/hardware_clocks/clocks.c.o
                0x0000000020002270                clock_configure_undivided
 .text.clock_get_hz
                0x0000000020002358        0xc CMakeFiles/vga.dir/home/dwerner/pico-sdk/src/rp2_common/hardware_clocks/clocks.c.o
                0x0000000020002358                clock_get_hz
 .text.set_sys_clock_pll
                0x0000000020002364      0x1c0 CMakeFiles/vga.dir/home/dwerner/pico-sdk/src/rp2_common/hardware_clocks/clocks.c.o
                0x0000000020002364                set_sys_clock_pll
 .text.check_sys_clock_khz
                0x0000000020002524      0x17c CMakeFiles/vga.dir/home/dwerner/pico-sdk/src/rp2_common/hardware_clocks/clocks.c.o
                0x0000000020002524                check_sys_clock_khz
 .text.pll_init
                0x00000000200026a0       0xa0 CMakeFiles/vga.dir/home/dwerner/pico-sdk/src/rp2_common/hardware_pll/pll.c.o
                0x00000000200026a0                pll_init
 .text.tick_start
                0x0000000020002740       0x10 CMakeFiles/vga.dir/home/dwerner/pico-sdk/src/rp2_common/hardware_ticks/ticks.c.o
                0x0000000020002740                tick_start
 .text.rom_func_lookup
                0x0000000020002750       0x10 CMakeFiles/vga.dir/home/dwerner/pico-sdk/src/rp2_common/pico_bootrom/bootrom.c.o
                0x0000000020002750                rom_func_lookup
 .text.rom_data_lookup
                0x0000000020002760       0x10 CMakeFiles/vga.dir/home/dwerner/pico-sdk/src/rp2_common/pico_bootrom/bootrom.c.o
                0x0000000020002760                rom_data_lookup
 .text.rom_funcs_lookup
                0x0000000020002770       0x44 CMakeFiles/vga.dir/home/dwerner/pico-sdk/src/rp2_common/pico_bootrom/bootrom.c.o
                0x0000000020002770                rom_funcs_lookup
 .text.xosc_init
                0x00000000200027b4       0x28 CMakeFiles/vga.dir/home/dwerner/pico-sdk/src/rp2_common/hardware_xosc/xosc.c.o
                0x00000000200027b4                xosc_init
 .text.first_per_core_initializer
                0x00000000200027dc        0x4 CMakeFiles/vga.dir/home/dwerner/pico-sdk/src/rp2_common/pico_runtime/runtime.c.o
 .text.hard_assertion_failure
                0x00000000200027e0        0xc CMakeFiles/vga.dir/home/dwerner/pico-sdk/src/rp2_common/pico_runtime/runtime.c.o
                0x00000000200027e0                hard_assertion_failure
 .text.runtime_run_initializers
                0x00000000200027ec       0x28 CMakeFiles/vga.dir/home/dwerner/pico-sdk/src/rp2_common/pico_runtime/runtime.c.o
                0x00000000200027ec                runtime_run_initializers
 .text.runtime_run_per_core_initializers
                0x0000000020002814       0x28 CMakeFiles/vga.dir/home/dwerner/pico-sdk/src/rp2_common/pico_runtime/runtime.c.o
                0x0000000020002814                runtime_run_per_core_initializers
 .text.runtime_init_early_resets
                0x000000002000283c       0x2c CMakeFiles/vga.dir/home/dwerner/pico-sdk/src/rp2_common/pico_runtime_init/runtime_init.c.o
                0x000000002000283c                runtime_init_early_resets
 .text.runtime_init_usb_power_down
                0x0000000020002868       0x1c CMakeFiles/vga.dir/home/dwerner/pico-sdk/src/rp2_common/pico_runtime_init/runtime_init.c.o
                0x0000000020002868                runtime_init_usb_power_down
 .text.runtime_init_post_clock_resets
                0x0000000020002884       0x20 CMakeFiles/vga.dir/home/dwerner/pico-sdk/src/rp2_common/pico_runtime_init/runtime_init.c.o
                0x0000000020002884                runtime_init_post_clock_resets
 .text.runtime_init_rp2040_gpio_ie_disable
                0x00000000200028a4       0x14 CMakeFiles/vga.dir/home/dwerner/pico-sdk/src/rp2_common/pico_runtime_init/runtime_init.c.o
                0x00000000200028a4                runtime_init_rp2040_gpio_ie_disable
 .text.runtime_init_spin_locks_reset
                0x00000000200028b8        0x8 CMakeFiles/vga.dir/home/dwerner/pico-sdk/src/rp2_common/pico_runtime_init/runtime_init.c.o
                0x00000000200028b8                runtime_init_spin_locks_reset
 .text.runtime_init_install_ram_vector_table
                0x00000000200028c0       0x1c CMakeFiles/vga.dir/home/dwerner/pico-sdk/src/rp2_common/pico_runtime_init/runtime_init.c.o
                0x00000000200028c0                runtime_init_install_ram_vector_table
 .text.runtime_init_clocks
                0x00000000200028dc       0xd8 CMakeFiles/vga.dir/home/dwerner/pico-sdk/src/rp2_common/pico_runtime_init/runtime_init_clocks.c.o
                0x00000000200028dc                runtime_init_clocks
 .text          0x00000000200029b4       0x10 CMakeFiles/vga.dir/home/dwerner/pico-sdk/src/rp2_common/pico_bit_ops/bit_ops_aeabi.S.o
 .text.ctzsi    0x00000000200029c4        0xc CMakeFiles/vga.dir/home/dwerner/pico-sdk/src/rp2_common/pico_bit_ops/bit_ops_aeabi.S.o
                0x00000000200029c4                __wrap___ctzsi2
 .text.__wrap___aeabi_uidiv
                0x00000000200029d0       0x4c CMakeFiles/vga.dir/home/dwerner/pico-sdk/src/rp2_common/pico_divider/divider_hardware.S.o
                0x00000000200029d0                __wrap___aeabi_uidiv
                0x00000000200029d0                __wrap___aeabi_uidivmod
                0x00000000200029d0                div_u32u32
                0x00000000200029d0                divmod_u32u32
                0x00000000200029d8                divmod_u32u32_unsafe
                0x0000000020002a00                divmod_u32u32_savestate
 .text.__aeabi_double_init
                0x0000000020002a1c       0xa0 CMakeFiles/vga.dir/home/dwerner/pico-sdk/src/rp2_common/pico_double/double_init_rom_rp2040.c.o
                0x0000000020002a1c                __aeabi_double_init
 .text.double_table_shim_on_use_helper
                0x0000000020002abc       0x2c CMakeFiles/vga.dir/home/dwerner/pico-sdk/src/rp2_common/pico_double/double_v1_rom_shim_rp2040.S.o
                0x0000000020002abc                double_table_shim_on_use_helper
 .text.__aeabi_float_init
                0x0000000020002ae8       0x64 CMakeFiles/vga.dir/home/dwerner/pico-sdk/src/rp2_common/pico_float/float_init_rom_rp2040.c.o
                0x0000000020002ae8                __aeabi_float_init
 .text.float_table_shim_on_use_helper
                0x0000000020002b4c       0x2c CMakeFiles/vga.dir/home/dwerner/pico-sdk/src/rp2_common/pico_float/float_v1_rom_shim_rp2040.S.o
                0x0000000020002b4c                float_table_shim_on_use_helper
 .text.__wrap_malloc
                0x0000000020002b78       0x3c CMakeFiles/vga.dir/home/dwerner/pico-sdk/src/rp2_common/pico_malloc/malloc.c.o
                0x0000000020002b78                __wrap_malloc
 .text.__wrap_free
                0x0000000020002bb4       0x20 CMakeFiles/vga.dir/home/dwerner/pico-sdk/src/rp2_common/pico_malloc/malloc.c.o
                0x0000000020002bb4                __wrap_free
 .text          0x0000000020002bd4       0x10 CMakeFiles/vga.dir/home/dwerner/pico-sdk/src/rp2_common/pico_mem_ops/mem_ops_aeabi.S.o
                0x0000000020002bd4                __aeabi_mem_init
 .text.memset   0x0000000020002be4        0xc CMakeFiles/vga.dir/home/dwerner/pico-sdk/src/rp2_common/pico_mem_ops/mem_ops_aeabi.S.o
                0x0000000020002be4                __wrap_memset
 .text.memcpy   0x0000000020002bf0        0xc CMakeFiles/vga.dir/home/dwerner/pico-sdk/src/rp2_common/pico_mem_ops/mem_ops_aeabi.S.o
                0x0000000020002bf0                __wrap___aeabi_memcpy
                0x0000000020002bf0                __wrap_memcpy
 .text._out_char
                0x0000000020002bfc       0x10 CMakeFiles/vga.dir/home/dwerner/pico-sdk/src/rp2_common/pico_printf/printf.c.o
 .text.weak_raw_vprintf
                0x0000000020002c0c       0x30 CMakeFiles/vga.dir/home/dwerner/pico-sdk/src/rp2_common/pico_printf/printf.c.o
                0x0000000020002c0c                weak_raw_vprintf
 .text._exit    0x0000000020002c3c        0x4 CMakeFiles/vga.dir/home/dwerner/pico-sdk/src/rp2_common/pico_clib_interface/newlib_interface.c.o
                0x0000000020002c3c                _exit
 .text._sbrk    0x0000000020002c40       0x34 CMakeFiles/vga.dir/home/dwerner/pico-sdk/src/rp2_common/pico_clib_interface/newlib_interface.c.o
                0x0000000020002c40                _sbrk
 .text.exit     0x0000000020002c74        0x8 CMakeFiles/vga.dir/home/dwerner/pico-sdk/src/rp2_common/pico_clib_interface/newlib_interface.c.o
                0x0000000020002c74                exit
 .text.runtime_init
                0x0000000020002c7c       0x2c CMakeFiles/vga.dir/home/dwerner/pico-sdk/src/rp2_common/pico_clib_interface/newlib_interface.c.o
                0x0000000020002c7c                runtime_init
 .text.stdio_out_chars_no_crlf
                0x0000000020002ca8       0x10 CMakeFiles/vga.dir/home/dwerner/pico-sdk/src/rp2_common/pico_stdio/stdio.c.o
 .text.stdio_out_chars_crlf
                0x0000000020002cb8       0xb4 CMakeFiles/vga.dir/home/dwerner/pico-sdk/src/rp2_common/pico_stdio/stdio.c.o
 .text.stdio_put_string
                0x0000000020002d6c      0x100 CMakeFiles/vga.dir/home/dwerner/pico-sdk/src/rp2_common/pico_stdio/stdio.c.o
                0x0000000020002d6c                stdio_put_string
 .text.__wrap_putchar
                0x0000000020002e6c       0x98 CMakeFiles/vga.dir/home/dwerner/pico-sdk/src/rp2_common/pico_stdio/stdio.c.o
                0x0000000020002e6c                stdio_putchar
                0x0000000020002e6c                __wrap_putchar
 .text.__wrap_puts
                0x0000000020002f04       0x3c CMakeFiles/vga.dir/home/dwerner/pico-sdk/src/rp2_common/pico_stdio/stdio.c.o
                0x0000000020002f04                __wrap_puts
                0x0000000020002f04                stdio_puts
 .text.dma_claim_unused_channel
                0x0000000020002f40       0x20 CMakeFiles/vga.dir/home/dwerner/pico-sdk/src/rp2_common/hardware_dma/dma.c.o
                0x0000000020002f40                dma_claim_unused_channel
 .text.pio_sm_claim
                0x0000000020002f60       0x34 CMakeFiles/vga.dir/home/dwerner/pico-sdk/src/rp2_common/hardware_pio/pio.c.o
                0x0000000020002f60                pio_sm_claim
 .text.pio_add_program
                0x0000000020002f94       0xf4 CMakeFiles/vga.dir/home/dwerner/pico-sdk/src/rp2_common/hardware_pio/pio.c.o
                0x0000000020002f94                pio_add_program
 .text.pio_sm_set_pins_with_mask
                0x0000000020003088       0xa4 CMakeFiles/vga.dir/home/dwerner/pico-sdk/src/rp2_common/hardware_pio/pio.c.o
                0x0000000020003088                pio_sm_set_pins_with_mask
 .text.pio_sm_set_pindirs_with_mask
                0x000000002000312c       0xa4 CMakeFiles/vga.dir/home/dwerner/pico-sdk/src/rp2_common/hardware_pio/pio.c.o
                0x000000002000312c                pio_sm_set_pindirs_with_mask
 .text.pio_sm_set_consecutive_pindirs
                0x00000000200031d0       0xbc CMakeFiles/vga.dir/home/dwerner/pico-sdk/src/rp2_common/hardware_pio/pio.c.o
                0x00000000200031d0                pio_sm_set_consecutive_pindirs
 .text.pio_sm_init
                0x000000002000328c       0x94 CMakeFiles/vga.dir/home/dwerner/pico-sdk/src/rp2_common/hardware_pio/pio.c.o
                0x000000002000328c                pio_sm_init
 .text          0x0000000020003320        0x4 /usr/lib/gcc/arm-none-eabi/10.3.1/thumb/v6-m/nofp/libgcc.a(_dvmd_tls.o)
                0x0000000020003320                __aeabi_ldiv0
                0x0000000020003320                __aeabi_idiv0
 .text          0x0000000020003324       0x28 /usr/lib/gcc/arm-none-eabi/10.3.1/../../../arm-none-eabi/lib/thumb/v6-m/nofp/libg.a(lib_a-malloc.o)
                0x0000000020003324                malloc
                0x0000000020003338                free
 .text          0x000000002000334c      0x574 /usr/lib/gcc/arm-none-eabi/10.3.1/../../../arm-none-eabi/lib/thumb/v6-m/nofp/libg.a(lib_a-mallocr.o)
                0x000000002000334c                _malloc_r
 .text          0x00000000200038c0        0x8 /usr/lib/gcc/arm-none-eabi/10.3.1/../../../arm-none-eabi/lib/thumb/v6-m/nofp/libg.a(lib_a-mlock.o)
                0x00000000200038c0                __malloc_lock
                0x00000000200038c4                __malloc_unlock
 .text          0x00000000200038c8       0x24 /usr/lib/gcc/arm-none-eabi/10.3.1/../../../arm-none-eabi/lib/thumb/v6-m/nofp/libg.a(lib_a-sbrkr.o)
                0x00000000200038c8                _sbrk_r
 .text          0x00000000200038ec       0x5c /usr/lib/gcc/arm-none-eabi/10.3.1/../../../arm-none-eabi/lib/thumb/v6-m/nofp/libg.a(lib_a-strlen-stub.o)
                0x00000000200038ec                strlen
 .text          0x0000000020003948      0x260 /usr/lib/gcc/arm-none-eabi/10.3.1/../../../arm-none-eabi/lib/thumb/v6-m/nofp/libg.a(lib_a-freer.o)
                0x0000000020003948                _malloc_trim_r
                0x00000000200039e4                _free_r
 *(.fini)
 .fini          0x0000000020003ba8        0x4 /usr/lib/gcc/arm-none-eabi/10.3.1/thumb/v6-m/nofp/crti.o
                0x0000000020003ba8                _fini
 *crtbegin.o(.ctors)
 *crtbegin?.o(.ctors)
 *(EXCLUDE_FILE(*crtend.o *crtend?.o) .ctors)
 *(SORT_BY_NAME(.ctors.*))
 *(.ctors)
 *crtbegin.o(.dtors)
 *crtbegin?.o(.dtors)
 *(EXCLUDE_FILE(*crtend.o *crtend?.o) .dtors)
 *(SORT_BY_NAME(.dtors.*))
 *(.dtors)
 *(.eh_frame*)
 .eh_frame      0x0000000020003bac        0x0 /usr/lib/gcc/arm-none-eabi/10.3.1/thumb/v6-m/nofp/crtbegin.o
                0x0000000020003bac                . = ALIGN (0x4)
                0x0000000020003bac                __ram_text_end__ = .
                0x0000000010000aac                __ram_text_source__ = LOADADDR (.text)

.glue_7         0x0000000020003bac        0x0 load address 0x0000000010004598
 .glue_7        0x0000000020003bac        0x0 linker stubs

.glue_7t        0x0000000020003bac        0x0 load address 0x0000000010004598
 .glue_7t       0x0000000020003bac        0x0 linker stubs

.vfp11_veneer   0x0000000020003bac        0x0 load address 0x0000000010004598
 .vfp11_veneer  0x0000000020003bac        0x0 linker stubs

.v4_bx          0x0000000020003bac        0x0 load address 0x0000000010004598
 .v4_bx         0x0000000020003bac        0x0 linker stubs

.iplt           0x0000000020003bac        0x0 load address 0x0000000010004598
 .iplt          0x0000000020003bac        0x0 /usr/lib/gcc/arm-none-eabi/10.3.1/thumb/v6-m/nofp/crtbegin.o

.rel.dyn        0x0000000020003bac        0x0 load address 0x0000000010004598
 .rel.iplt      0x0000000020003bac        0x0 /usr/lib/gcc/arm-none-eabi/10.3.1/thumb/v6-m/nofp/crtbegin.o
                0x0000000020003bac                . = ALIGN (0x4)

.data           0x0000000020003bb0      0xda0 load address 0x0000000010004598
                0x0000000020003bb0                __data_start__ = .
 *(vtable)
 *(.time_critical*)
 .time_critical.mutex_enter_blocking
                0x0000000020003bb0       0x48 CMakeFiles/vga.dir/home/dwerner/pico-sdk/src/common/pico_sync/mutex.c.o
                0x0000000020003bb0                mutex_enter_blocking
 .time_critical.mutex_try_enter_block_until
                0x0000000020003bf8       0x9c CMakeFiles/vga.dir/home/dwerner/pico-sdk/src/common/pico_sync/mutex.c.o
                0x0000000020003bf8                mutex_try_enter_block_until
 .time_critical.mutex_exit
                0x0000000020003c94       0x28 CMakeFiles/vga.dir/home/dwerner/pico-sdk/src/common/pico_sync/mutex.c.o
                0x0000000020003c94                mutex_exit
 .time_critical.flash_init_boot2_copyout
                0x0000000020003cbc       0x30 CMakeFiles/vga.dir/home/dwerner/pico-sdk/src/rp2_common/hardware_flash/flash.c.o
 .time_critical.flash_enable_xip_via_boot2
                0x0000000020003cec       0x10 CMakeFiles/vga.dir/home/dwerner/pico-sdk/src/rp2_common/hardware_flash/flash.c.o
 .time_critical.flash_range_erase
                0x0000000020003cfc       0x80 CMakeFiles/vga.dir/home/dwerner/pico-sdk/src/rp2_common/hardware_flash/flash.c.o
                0x0000000020003cfc                flash_range_erase
 .time_critical.flash_range_program
                0x0000000020003d7c       0x80 CMakeFiles/vga.dir/home/dwerner/pico-sdk/src/rp2_common/hardware_flash/flash.c.o
                0x0000000020003d7c                flash_range_program
                0x0000000020003dfc                . = ALIGN (0x4)
 *(.rodata*)
 .rodata.main.str1.4
                0x0000000020003dfc       0x32 CMakeFiles/vga.dir/main.c.o
 *fill*         0x0000000020003e2e        0x2 
 .rodata.abus_program
                0x0000000020003e30        0x8 CMakeFiles/vga.dir/abus.c.o
 .rodata.abus_program_instructions
                0x0000000020003e38       0x18 CMakeFiles/vga.dir/abus.c.o
 .rodata.ntsc_palette
                0x0000000020003e50       0x20 CMakeFiles/vga.dir/colors.c.o
                0x0000000020003e50                ntsc_palette
 .rodata.device_write
                0x0000000020003e70       0x38 CMakeFiles/vga.dir/device_regs.c.o
 .rodata.vga_data_program
                0x0000000020003ea8        0x8 CMakeFiles/vga.dir/vga.c.o
 .rodata.vga_data_program_instructions
                0x0000000020003eb0       0x12 CMakeFiles/vga.dir/vga.c.o
 *fill*         0x0000000020003ec2        0x2 
 .rodata.vga_hsync_program
                0x0000000020003ec4        0x8 CMakeFiles/vga.dir/vga.c.o
 .rodata.vga_hsync_program_instructions
                0x0000000020003ecc       0x10 CMakeFiles/vga.dir/vga.c.o
 .rodata.vga_vsync_program
                0x0000000020003edc        0x8 CMakeFiles/vga.dir/vga.c.o
 .rodata.vga_vsync_program_instructions
                0x0000000020003ee4       0x16 CMakeFiles/vga.dir/vga.c.o
 *fill*         0x0000000020003efa        0x2 
 .rodata.timer_hardware_alarm_claim.str1.4
                0x0000000020003efc       0x22 CMakeFiles/vga.dir/home/dwerner/pico-sdk/src/rp2_common/hardware_timer/timer.c.o
 *fill*         0x0000000020003f1e        0x2 
 .rodata.panic.str1.4
                0x0000000020003f20       0x12 CMakeFiles/vga.dir/home/dwerner/pico-sdk/src/rp2_common/pico_platform_panic/panic.c.o
 *fill*         0x0000000020003f32        0x2 
 .rodata.spin_lock_claim.str1.4
                0x0000000020003f34       0x1f CMakeFiles/vga.dir/home/dwerner/pico-sdk/src/rp2_common/hardware_sync/sync.c.o
 *fill*         0x0000000020003f53        0x1 
 .rodata.hard_assertion_failure.str1.4
                0x0000000020003f54        0xc CMakeFiles/vga.dir/home/dwerner/pico-sdk/src/rp2_common/pico_runtime/runtime.c.o
 .rodata.__wrap_malloc.str1.4
                0x0000000020003f60        0xe CMakeFiles/vga.dir/home/dwerner/pico-sdk/src/rp2_common/pico_malloc/malloc.c.o
 *fill*         0x0000000020003f6e        0x2 
 .rodata.str1.4
                0x0000000020003f70       0x38 CMakeFiles/vga.dir/home/dwerner/pico-sdk/src/rp2_common/pico_standard_binary_info/standard_binary_info.c.o
 .rodata.__bi_26
                0x0000000020003fa8        0xc CMakeFiles/vga.dir/home/dwerner/pico-sdk/src/rp2_common/pico_standard_binary_info/standard_binary_info.c.o
 .rodata.__bi_34
                0x0000000020003fb4        0xc CMakeFiles/vga.dir/home/dwerner/pico-sdk/src/rp2_common/pico_standard_binary_info/standard_binary_info.c.o
 .rodata.__bi_42
                0x0000000020003fc0        0xc CMakeFiles/vga.dir/home/dwerner/pico-sdk/src/rp2_common/pico_standard_binary_info/standard_binary_info.c.o
 .rodata.__bi_48
                0x0000000020003fcc        0xc CMakeFiles/vga.dir/home/dwerner/pico-sdk/src/rp2_common/pico_standard_binary_info/standard_binary_info.c.o
 .rodata.__bi_54
                0x0000000020003fd8        0xc CMakeFiles/vga.dir/home/dwerner/pico-sdk/src/rp2_common/pico_standard_binary_info/standard_binary_info.c.o
 .rodata.__bi_78
                0x0000000020003fe4        0xc CMakeFiles/vga.dir/home/dwerner/pico-sdk/src/rp2_common/pico_standard_binary_info/standard_binary_info.c.o
 .rodata.__bi_84
                0x0000000020003ff0        0xc CMakeFiles/vga.dir/home/dwerner/pico-sdk/src/rp2_common/pico_standard_binary_info/standard_binary_info.c.o
 .rodata.crlf_str.0
                0x0000000020003ffc        0x2 CMakeFiles/vga.dir/home/dwerner/pico-sdk/src/rp2_common/pico_stdio/stdio.c.o
 *fill*         0x0000000020003ffe        0x2 
 .rodata.dma_claim_unused_channel.str1.4
                0x0000000020004000       0x1e CMakeFiles/vga.dir/home/dwerner/pico-sdk/src/rp2_common/hardware_dma/dma.c.o
 *fill*         0x000000002000401e        0x2 
 .rodata.pio_sm_claim.str1.4
                0x0000000020004020       0x40 CMakeFiles/vga.dir/home/dwerner/pico-sdk/src/rp2_common/hardware_pio/pio.c.o
                0x0000000020004060                . = ALIGN (0x4)
 *(.data*)
 .data.hires_mainmem_page1
                0x0000000020004060        0x4 CMakeFiles/vga.dir/buffers.c.o
                0x0000000020004060                hires_mainmem_page1
 .data.hires_mainmem_page2
                0x0000000020004064        0x4 CMakeFiles/vga.dir/buffers.c.o
                0x0000000020004064                hires_mainmem_page2
 .data.soft_text
                0x0000000020004068        0x1 CMakeFiles/vga.dir/buffers.c.o
                0x0000000020004068                soft_text
 *fill*         0x0000000020004069        0x3 
 .data.text_mainmem_page1
                0x000000002000406c        0x4 CMakeFiles/vga.dir/buffers.c.o
                0x000000002000406c                text_mainmem_page1
 .data.text_mainmem_page2
                0x0000000020004070        0x4 CMakeFiles/vga.dir/buffers.c.o
                0x0000000020004070                text_mainmem_page2
 .data.default_character_rom
                0x0000000020004074        0x4 CMakeFiles/vga.dir/textfont/textfont.c.o
                0x0000000020004074                default_character_rom
 .data.default_alarm_pool
                0x0000000020004078       0x18 CMakeFiles/vga.dir/home/dwerner/pico-sdk/src/common/pico_time/time.c.o
 .data.striped_spin_lock_num
                0x0000000020004090        0x1 CMakeFiles/vga.dir/home/dwerner/pico-sdk/src/rp2_common/hardware_sync/sync.c.o
 *fill*         0x0000000020004091        0xf 
 .data.aeabi_bits_funcs
                0x00000000200040a0       0x10 CMakeFiles/vga.dir/home/dwerner/pico-sdk/src/rp2_common/pico_bit_ops/bit_ops_aeabi.S.o
                0x00000000200040a0                aeabi_bits_funcs
                0x00000000200040b0                aeabi_bits_funcs_end
 .data.aeabi_mem_funcs
                0x00000000200040b0       0x10 CMakeFiles/vga.dir/home/dwerner/pico-sdk/src/rp2_common/pico_mem_ops/mem_ops_aeabi.S.o
                0x00000000200040b0                aeabi_mem_funcs
                0x00000000200040c0                aeabi_mem_funcs_end
 .data          0x00000000200040c0      0x430 /usr/lib/gcc/arm-none-eabi/10.3.1/../../../arm-none-eabi/lib/thumb/v6-m/nofp/libg.a(lib_a-impure.o)
                0x00000000200040c0                _impure_ptr
 .data          0x00000000200044f0      0x410 /usr/lib/gcc/arm-none-eabi/10.3.1/../../../arm-none-eabi/lib/thumb/v6-m/nofp/libg.a(lib_a-mallocr.o)
                0x00000000200044f0                __malloc_sbrk_base
                0x00000000200044f4                __malloc_trim_threshold
                0x00000000200044f8                __malloc_av_
                0x0000000020004900                . = ALIGN (0x4)
 *(.after_data.*)
                0x0000000020004900                . = ALIGN (0x4)
                0x0000000020004900                PROVIDE (__mutex_array_start = .)
 *(SORT_BY_NAME(.mutex_array.*))
 *(.mutex_array)
 .mutex_array   0x0000000020004900        0x8 CMakeFiles/vga.dir/home/dwerner/pico-sdk/src/rp2_common/pico_malloc/malloc.c.o
 .mutex_array   0x0000000020004908        0x8 CMakeFiles/vga.dir/home/dwerner/pico-sdk/src/rp2_common/pico_stdio/stdio.c.o
                0x0000000020004910                PROVIDE (__mutex_array_end = .)
                0x0000000020004910                . = ALIGN (0x4)
                0x0000000020004910                PROVIDE (__preinit_array_start = .)
 *(SORT_BY_NAME(.preinit_array.*))
 .preinit_array.00100
                0x0000000020004910        0x4 CMakeFiles/vga.dir/home/dwerner/pico-sdk/src/rp2_common/pico_runtime_init/runtime_init.c.o
                0x0000000020004910                __pre_init_runtime_init_early_resets
 .preinit_array.00101
                0x0000000020004914        0x4 CMakeFiles/vga.dir/home/dwerner/pico-sdk/src/rp2_common/pico_runtime_init/runtime_init.c.o
                0x0000000020004914                __pre_init_runtime_init_usb_power_down
 .preinit_array.00275
                0x0000000020004918        0x4 CMakeFiles/vga.dir/home/dwerner/pico-sdk/src/rp2_common/pico_bit_ops/bit_ops_aeabi.S.o
 .preinit_array.00300
                0x000000002000491c        0x4 CMakeFiles/vga.dir/home/dwerner/pico-sdk/src/rp2_common/pico_mem_ops/mem_ops_aeabi.S.o
 .preinit_array.00350
                0x0000000020004920        0x4 CMakeFiles/vga.dir/home/dwerner/pico-sdk/src/rp2_common/pico_double/double_aeabi_rp2040.S.o
 .preinit_array.00350
                0x0000000020004924        0x4 CMakeFiles/vga.dir/home/dwerner/pico-sdk/src/rp2_common/pico_float/float_aeabi_rp2040.S.o
 .preinit_array.00500
                0x0000000020004928        0x4 CMakeFiles/vga.dir/home/dwerner/pico-sdk/src/rp2_common/pico_runtime_init/runtime_init.c.o
                0x0000000020004928                __pre_init_runtime_init_clocks
 .preinit_array.00600
                0x000000002000492c        0x4 CMakeFiles/vga.dir/home/dwerner/pico-sdk/src/rp2_common/pico_runtime_init/runtime_init.c.o
                0x000000002000492c                __pre_init_runtime_init_post_clock_resets
 .preinit_array.00700
                0x0000000020004930        0x4 CMakeFiles/vga.dir/home/dwerner/pico-sdk/src/rp2_common/pico_runtime_init/runtime_init.c.o
                0x0000000020004930                __pre_init_runtime_init_rp2040_gpio_ie_disable
 .preinit_array.01000
                0x0000000020004934        0x4 CMakeFiles/vga.dir/home/dwerner/pico-sdk/src/rp2_common/pico_runtime_init/runtime_init.c.o
                0x0000000020004934                __pre_init_runtime_init_spin_locks_reset
 .preinit_array.01100
                0x0000000020004938        0x4 CMakeFiles/vga.dir/home/dwerner/pico-sdk/src/common/pico_sync/mutex.c.o
                0x0000000020004938                __pre_init_runtime_init_mutex
 .preinit_array.10080
                0x000000002000493c        0x4 CMakeFiles/vga.dir/home/dwerner/pico-sdk/src/rp2_common/pico_runtime_init/runtime_init.c.o
                0x000000002000493c                __pre_init_runtime_init_install_ram_vector_table
 .preinit_array.11000
                0x0000000020004940        0x4 CMakeFiles/vga.dir/home/dwerner/pico-sdk/src/common/pico_time/time.c.o
                0x0000000020004940                __pre_init_runtime_init_default_alarm_pool
 .preinit_array.YYYYY
                0x0000000020004944        0x4 CMakeFiles/vga.dir/home/dwerner/pico-sdk/src/rp2_common/pico_runtime/runtime.c.o
                0x0000000020004944                __pre_init_first_per_core_initializer
 .preinit_array.ZZZZZ.01200
                0x0000000020004948        0x4 CMakeFiles/vga.dir/home/dwerner/pico-sdk/src/rp2_common/hardware_irq/irq.c.o
                0x0000000020004948                __pre_init_runtime_init_per_core_irq_priorities
 *(.preinit_array)
                0x000000002000494c                PROVIDE (__preinit_array_end = .)
                0x000000002000494c                . = ALIGN (0x4)
                0x000000002000494c                PROVIDE (__init_array_start = .)
 *(SORT_BY_NAME(.init_array.*))
 *(.init_array)
 .init_array    0x000000002000494c        0x4 /usr/lib/gcc/arm-none-eabi/10.3.1/thumb/v6-m/nofp/crtbegin.o
                0x0000000020004950                PROVIDE (__init_array_end = .)
                0x0000000020004950                . = ALIGN (0x4)
                0x0000000020004950                PROVIDE (__fini_array_start = .)
 *(SORT_BY_NAME(.fini_array.*))
 *(.fini_array)
                0x0000000020004950                PROVIDE (__fini_array_end = .)
 *(.jcr)
                0x0000000020004950                . = ALIGN (0x4)
                0x0000000020004950                __data_end__ = .
                0x0000000010004598                __etext = LOADADDR (.data)

.tm_clone_table
                0x0000000020004950        0x0 load address 0x0000000010005338
 .tm_clone_table
                0x0000000020004950        0x0 /usr/lib/gcc/arm-none-eabi/10.3.1/thumb/v6-m/nofp/crtbegin.o
 .tm_clone_table
                0x0000000020004950        0x0 /usr/lib/gcc/arm-none-eabi/10.3.1/thumb/v6-m/nofp/crtend.o

.igot.plt       0x0000000020004950        0x0 load address 0x0000000010005338
 .igot.plt      0x0000000020004950        0x0 /usr/lib/gcc/arm-none-eabi/10.3.1/thumb/v6-m/nofp/crtbegin.o

.uninitialized_data
                0x0000000020004950        0x0 load address 0x0000000010005338
                0x0000000020004950                . = ALIGN (0x4)
 *(.uninitialized_data*)

.scratch_x      0x0000000020040000        0x0 load address 0x0000000010005338
                0x0000000020040000                __scratch_x_start__ = .
 *(.scratch_x.*)
                0x0000000020040000                . = ALIGN (0x4)
                0x0000000020040000                __scratch_x_end__ = .
                0x0000000010005338                __scratch_x_source__ = LOADADDR (.scratch_x)

.scratch_y      0x0000000020041000        0x0 load address 0x0000000010005338
                0x0000000020041000                __scratch_y_start__ = .
 *(.scratch_y.*)
                0x0000000020041000                . = ALIGN (0x4)
                0x0000000020041000                __scratch_y_end__ = .
                0x0000000010005338                __scratch_y_source__ = LOADADDR (.scratch_y)

.bss            0x0000000020004950     0xf6d8
                0x0000000020004950                . = ALIGN (0x4)
                0x0000000020004950                __bss_start__ = .
 *(SORT_BY_ALIGNMENT(SORT_BY_NAME(.bss*)))
 .bss.default_alarm_pool_entries
                0x0000000020004950      0x180 CMakeFiles/vga.dir/home/dwerner/pico-sdk/src/common/pico_time/time.c.o
 .bss.sd_table  0x0000000020004ad0      0x100 CMakeFiles/vga.dir/home/dwerner/pico-sdk/src/rp2_common/pico_double/double_init_rom_rp2040.c.o
                0x0000000020004ad0                sd_table
 .bss.sf_table  0x0000000020004bd0      0x100 CMakeFiles/vga.dir/home/dwerner/pico-sdk/src/rp2_common/pico_float/float_init_rom_rp2040.c.o
                0x0000000020004bd0                sf_table
 .bss           0x0000000020004cd0       0x1c /usr/lib/gcc/arm-none-eabi/10.3.1/thumb/v6-m/nofp/crtbegin.o
 .bss           0x0000000020004cec       0x34 /usr/lib/gcc/arm-none-eabi/10.3.1/../../../arm-none-eabi/lib/thumb/v6-m/nofp/libg.a(lib_a-mallocr.o)
                0x0000000020004cec                __malloc_top_pad
                0x0000000020004cf0                __malloc_current_mallinfo
                0x0000000020004d18                __malloc_max_sbrked_mem
                0x0000000020004d1c                __malloc_max_total_mem
 .bss           0x0000000020004d20        0x4 /usr/lib/gcc/arm-none-eabi/10.3.1/../../../arm-none-eabi/lib/thumb/v6-m/nofp/libg.a(lib_a-reent.o)
                0x0000000020004d20                errno
 .bss._used_instruction_space
                0x0000000020004d24        0x8 CMakeFiles/vga.dir/home/dwerner/pico-sdk/src/rp2_common/hardware_pio/pio.c.o
 .bss.boot2_copyout
                0x0000000020004d2c      0x100 CMakeFiles/vga.dir/home/dwerner/pico-sdk/src/rp2_common/hardware_flash/flash.c.o
 .bss.char_write_offset
                0x0000000020004e2c        0x4 CMakeFiles/vga.dir/device_regs.c.o
 .bss.character_rom
                0x0000000020004e30      0x800 CMakeFiles/vga.dir/buffers.c.o
                0x0000000020004e30                character_rom
 .bss.claimed   0x0000000020005630        0x1 CMakeFiles/vga.dir/home/dwerner/pico-sdk/src/rp2_common/hardware_timer/timer.c.o
 *fill*         0x0000000020005631        0x3 
 .bss.claimed   0x0000000020005634        0x4 CMakeFiles/vga.dir/home/dwerner/pico-sdk/src/rp2_common/hardware_sync/sync.c.o
 .bss.claimed   0x0000000020005638        0x1 CMakeFiles/vga.dir/home/dwerner/pico-sdk/src/rp2_common/hardware_pio/pio.c.o
 *fill*         0x0000000020005639        0x3 
 .bss.configured_freq
                0x000000002000563c       0x28 CMakeFiles/vga.dir/home/dwerner/pico-sdk/src/rp2_common/hardware_clocks/clocks.c.o
 .bss.drivers   0x0000000020005664        0x4 CMakeFiles/vga.dir/home/dwerner/pico-sdk/src/rp2_common/pico_stdio/stdio.c.o
 .bss.filter    0x0000000020005668        0x4 CMakeFiles/vga.dir/home/dwerner/pico-sdk/src/rp2_common/pico_stdio/stdio.c.o
 .bss.heap_end.0
                0x000000002000566c        0x4 CMakeFiles/vga.dir/home/dwerner/pico-sdk/src/rp2_common/pico_clib_interface/newlib_interface.c.o
 .bss.lazy_vsnprintf
                0x0000000020005670        0x4 CMakeFiles/vga.dir/home/dwerner/pico-sdk/src/rp2_common/pico_printf/printf.c.o
 .bss.main_memory
                0x0000000020005674     0xc000 CMakeFiles/vga.dir/buffers.c.o
                0x0000000020005674                main_memory
 .bss.pools     0x0000000020011674       0x10 CMakeFiles/vga.dir/home/dwerner/pico-sdk/src/common/pico_time/time.c.o
 .bss.scanline_queue
                0x0000000020011684     0x2980 CMakeFiles/vga.dir/vga.c.o
 .bss.scanline_queue_head
                0x0000000020014004        0x4 CMakeFiles/vga.dir/vga.c.o
 .bss.scanline_queue_tail
                0x0000000020014008        0x4 CMakeFiles/vga.dir/vga.c.o
 .bss.sf_clz_func
                0x000000002001400c        0x4 CMakeFiles/vga.dir/home/dwerner/pico-sdk/src/rp2_common/pico_double/double_init_rom_rp2040.c.o
                0x000000002001400c                sf_clz_func
 .bss.sleep_notifier
                0x0000000020014010        0x4 CMakeFiles/vga.dir/home/dwerner/pico-sdk/src/common/pico_time/time.c.o
 .bss.vga_dma_channel
                0x0000000020014014        0x4 CMakeFiles/vga.dir/vga.c.o
 .bss._claimed  0x0000000020014018        0x2 CMakeFiles/vga.dir/home/dwerner/pico-sdk/src/rp2_common/hardware_dma/dma.c.o
 .bss.boot2_copyout_valid
                0x000000002001401a        0x1 CMakeFiles/vga.dir/home/dwerner/pico-sdk/src/rp2_common/hardware_flash/flash.c.o
 .bss.soft_80col
                0x000000002001401b        0x1 CMakeFiles/vga.dir/buffers.c.o
                0x000000002001401b                soft_80col
 .bss.soft_dhires
                0x000000002001401c        0x1 CMakeFiles/vga.dir/buffers.c.o
                0x000000002001401c                soft_dhires
 .bss.soft_dlores
                0x000000002001401d        0x1 CMakeFiles/vga.dir/buffers.c.o
                0x000000002001401d                soft_dlores
 .bss.soft_hires
                0x000000002001401e        0x1 CMakeFiles/vga.dir/buffers.c.o
                0x000000002001401e                soft_hires
 .bss.soft_lores
                0x000000002001401f        0x1 CMakeFiles/vga.dir/buffers.c.o
                0x000000002001401f                soft_lores
 .bss.soft_mhires
                0x0000000020014020        0x1 CMakeFiles/vga.dir/buffers.c.o
                0x0000000020014020                soft_mhires
 .bss.soft_mixed
                0x0000000020014021        0x1 CMakeFiles/vga.dir/buffers.c.o
                0x0000000020014021                soft_mixed
 .bss.soft_page2
                0x0000000020014022        0x1 CMakeFiles/vga.dir/buffers.c.o
                0x0000000020014022                soft_page2
 .bss.soft_qhires
                0x0000000020014023        0x1 CMakeFiles/vga.dir/buffers.c.o
                0x0000000020014023                soft_qhires
 .bss.soft_scanline_emulation
                0x0000000020014024        0x1 CMakeFiles/vga.dir/buffers.c.o
                0x0000000020014024                soft_scanline_emulation
 *(COMMON)
                0x0000000020014028                . = ALIGN (0x4)
 *fill*         0x0000000020014025        0x3 
                0x0000000020014028                __bss_end__ = .

.heap           0x0000000020014028      0x800
                0x0000000020014028                __end__ = .
                0x0000000020014028                end = __end__
 *(.heap*)
 .heap          0x0000000020014028      0x800 CMakeFiles/vga.dir/home/dwerner/pico-sdk/src/rp2_common/pico_crt0/crt0.S.o
                0x0000000020014828                __HeapLimit = .

.stack1_dummy   0x0000000020040000      0x800
 *(.stack1*)
 .stack1        0x0000000020040000      0x800 CMakeFiles/vga.dir/home/dwerner/pico-sdk/src/rp2_common/pico_multicore/multicore.c.o

.stack_dummy    0x0000000020041000      0x800
 *(.stack*)
 .stack         0x0000000020041000      0x800 CMakeFiles/vga.dir/home/dwerner/pico-sdk/src/rp2_common/pico_crt0/crt0.S.o

.flash_end      0x0000000010005338        0x0
                0x0000000010005338                __flash_binary_end = .

.persistent_data
                0x00000000101e0000        0x0
                0x00000000101e0000                __persistent_data_start = .
                0x0000000020040000                __StackLimit = (ORIGIN (RAM) + LENGTH (RAM))
                0x0000000020041000                __StackOneTop = (ORIGIN (SCRATCH_X) + LENGTH (SCRATCH_X))
                0x0000000020042000                __StackTop = (ORIGIN (SCRATCH_Y) + LENGTH (SCRATCH_Y))
                0x0000000020040800                __StackOneBottom = (__StackOneTop - SIZEOF (.stack1_dummy))
                0x0000000020041800                __StackBottom = (__StackTop - SIZEOF (.stack_dummy))
                0x0000000020042000                PROVIDE (__stack = __StackTop)
                0x0000000000000001                ASSERT ((__StackLimit >= __HeapLimit), region RAM overflowed)
                0x0000000000000001                ASSERT (((__binary_info_header_end - __logical_binary_start) <= 0x100), Binary info must be in first 256 bytes of the binary)
LOAD CMakeFiles/vga.dir/main.c.o
LOAD CMakeFiles/vga.dir/abus.c.o
LOAD CMakeFiles/vga.dir/buffers.c.o
LOAD CMakeFiles/vga.dir/colors.c.o
LOAD CMakeFiles/vga.dir/config.c.o
LOAD CMakeFiles/vga.dir/device_regs.c.o
LOAD CMakeFiles/vga.dir/render.c.o
LOAD CMakeFiles/vga.dir/render_hires.c.o
LOAD CMakeFiles/vga.dir/render_lores.c.o
LOAD CMakeFiles/vga.dir/render_text.c.o
LOAD CMakeFiles/vga.dir/textfont/iie_us_enhanced.c.o
LOAD CMakeFiles/vga.dir/textfont/textfont.c.o
LOAD CMakeFiles/vga.dir/vga.c.o
LOAD CMakeFiles/vga.dir/home/dwerner/pico-sdk/src/rp2_common/pico_multicore/multicore.c.o
LOAD CMakeFiles/vga.dir/home/dwerner/pico-sdk/src/common/pico_sync/sem.c.o
LOAD CMakeFiles/vga.dir/home/dwerner/pico-sdk/src/common/pico_sync/lock_core.c.o
LOAD CMakeFiles/vga.dir/home/dwerner/pico-sdk/src/common/pico_sync/mutex.c.o
LOAD CMakeFiles/vga.dir/home/dwerner/pico-sdk/src/common/pico_sync/critical_section.c.o
LOAD CMakeFiles/vga.dir/home/dwerner/pico-sdk/src/common/pico_time/time.c.o
LOAD CMakeFiles/vga.dir/home/dwerner/pico-sdk/src/common/pico_time/timeout_helper.c.o
LOAD CMakeFiles/vga.dir/home/dwerner/pico-sdk/src/rp2_common/hardware_timer/timer.c.o
LOAD CMakeFiles/vga.dir/home/dwerner/pico-sdk/src/rp2040/pico_platform/platform.c.o
LOAD CMakeFiles/vga.dir/home/dwerner/pico-sdk/src/rp2_common/pico_platform_panic/panic.c.o
LOAD CMakeFiles/vga.dir/home/dwerner/pico-sdk/src/common/hardware_claim/claim.c.o
LOAD CMakeFiles/vga.dir/home/dwerner/pico-sdk/src/rp2_common/hardware_sync/sync.c.o
LOAD CMakeFiles/vga.dir/home/dwerner/pico-sdk/src/rp2_common/hardware_sync_spin_lock/sync_spin_lock.c.o
LOAD CMakeFiles/vga.dir/home/dwerner/pico-sdk/src/rp2_common/hardware_irq/irq.c.o
LOAD CMakeFiles/vga.dir/home/dwerner/pico-sdk/src/rp2_common/hardware_irq/irq_handler_chain.S.o
LOAD CMakeFiles/vga.dir/home/dwerner/pico-sdk/src/common/pico_util/datetime.c.o
LOAD CMakeFiles/vga.dir/home/dwerner/pico-sdk/src/common/pico_util/pheap.c.o
LOAD CMakeFiles/vga.dir/home/dwerner/pico-sdk/src/common/pico_util/queue.c.o
LOAD CMakeFiles/vga.dir/home/dwerner/pico-sdk/src/rp2_common/pico_stdlib/stdlib.c.o
LOAD CMakeFiles/vga.dir/home/dwerner/pico-sdk/src/rp2_common/hardware_gpio/gpio.c.o
LOAD CMakeFiles/vga.dir/home/dwerner/pico-sdk/src/rp2_common/hardware_uart/uart.c.o
LOAD CMakeFiles/vga.dir/home/dwerner/pico-sdk/src/rp2_common/hardware_clocks/clocks.c.o
LOAD CMakeFiles/vga.dir/home/dwerner/pico-sdk/src/rp2_common/hardware_pll/pll.c.o
LOAD CMakeFiles/vga.dir/home/dwerner/pico-sdk/src/rp2_common/hardware_vreg/vreg.c.o
LOAD CMakeFiles/vga.dir/home/dwerner/pico-sdk/src/rp2_common/hardware_watchdog/watchdog.c.o
LOAD CMakeFiles/vga.dir/home/dwerner/pico-sdk/src/rp2_common/hardware_ticks/ticks.c.o
LOAD CMakeFiles/vga.dir/home/dwerner/pico-sdk/src/rp2_common/pico_bootrom/bootrom.c.o
LOAD CMakeFiles/vga.dir/home/dwerner/pico-sdk/src/rp2_common/pico_bootrom/bootrom_lock.c.o
LOAD CMakeFiles/vga.dir/home/dwerner/pico-sdk/src/rp2_common/hardware_boot_lock/boot_lock.c.o
LOAD CMakeFiles/vga.dir/home/dwerner/pico-sdk/src/rp2_common/pico_flash/flash.c.o
LOAD CMakeFiles/vga.dir/home/dwerner/pico-sdk/src/rp2_common/hardware_xosc/xosc.c.o
LOAD CMakeFiles/vga.dir/home/dwerner/pico-sdk/src/rp2_common/hardware_divider/divider.S.o
LOAD CMakeFiles/vga.dir/home/dwerner/pico-sdk/src/rp2_common/pico_runtime/runtime.c.o
LOAD CMakeFiles/vga.dir/home/dwerner/pico-sdk/src/rp2_common/pico_runtime_init/runtime_init.c.o
LOAD CMakeFiles/vga.dir/home/dwerner/pico-sdk/src/rp2_common/pico_runtime_init/runtime_init_clocks.c.o
LOAD CMakeFiles/vga.dir/home/dwerner/pico-sdk/src/rp2_common/pico_runtime_init/runtime_init_stack_guard.c.o
LOAD CMakeFiles/vga.dir/home/dwerner/pico-sdk/src/rp2_common/pico_bit_ops/bit_ops_aeabi.S.o
LOAD CMakeFiles/vga.dir/home/dwerner/pico-sdk/src/rp2_common/pico_divider/divider_hardware.S.o
LOAD CMakeFiles/vga.dir/home/dwerner/pico-sdk/src/rp2_common/pico_double/double_aeabi_rp2040.S.o
LOAD CMakeFiles/vga.dir/home/dwerner/pico-sdk/src/rp2_common/pico_double/double_init_rom_rp2040.c.o
LOAD CMakeFiles/vga.dir/home/dwerner/pico-sdk/src/rp2_common/pico_double/double_math.c.o
LOAD CMakeFiles/vga.dir/home/dwerner/pico-sdk/src/rp2_common/pico_double/double_v1_rom_shim_rp2040.S.o
LOAD CMakeFiles/vga.dir/home/dwerner/pico-sdk/src/rp2_common/pico_int64_ops/pico_int64_ops_aeabi.S.o
LOAD CMakeFiles/vga.dir/home/dwerner/pico-sdk/src/rp2_common/pico_float/float_aeabi_rp2040.S.o
LOAD CMakeFiles/vga.dir/home/dwerner/pico-sdk/src/rp2_common/pico_float/float_init_rom_rp2040.c.o
LOAD CMakeFiles/vga.dir/home/dwerner/pico-sdk/src/rp2_common/pico_float/float_math.c.o
LOAD CMakeFiles/vga.dir/home/dwerner/pico-sdk/src/rp2_common/pico_float/float_v1_rom_shim_rp2040.S.o
LOAD CMakeFiles/vga.dir/home/dwerner/pico-sdk/src/rp2_common/pico_malloc/malloc.c.o
LOAD CMakeFiles/vga.dir/home/dwerner/pico-sdk/src/rp2_common/pico_mem_ops/mem_ops_aeabi.S.o
LOAD CMakeFiles/vga.dir/home/dwerner/pico-sdk/src/rp2_common/pico_atomic/atomic.c.o
LOAD CMakeFiles/vga.dir/home/dwerner/pico-sdk/src/rp2_common/pico_cxx_options/new_delete.cpp.o
LOAD CMakeFiles/vga.dir/home/dwerner/pico-sdk/src/rp2_common/pico_standard_binary_info/standard_binary_info.c.o
LOAD CMakeFiles/vga.dir/home/dwerner/pico-sdk/src/rp2_common/pico_printf/printf.c.o
LOAD CMakeFiles/vga.dir/home/dwerner/pico-sdk/src/rp2_common/pico_crt0/crt0.S.o
LOAD CMakeFiles/vga.dir/home/dwerner/pico-sdk/src/rp2_common/pico_clib_interface/newlib_interface.c.o
LOAD CMakeFiles/vga.dir/home/dwerner/pico-sdk/src/rp2_common/pico_stdio/stdio.c.o
LOAD CMakeFiles/vga.dir/home/dwerner/pico-sdk/src/rp2_common/pico_stdio_uart/stdio_uart.c.o
LOAD CMakeFiles/vga.dir/home/dwerner/pico-sdk/src/rp2_common/hardware_dma/dma.c.o
LOAD CMakeFiles/vga.dir/home/dwerner/pico-sdk/src/rp2_common/hardware_flash/flash.c.o
LOAD CMakeFiles/vga.dir/home/dwerner/pico-sdk/src/rp2_common/hardware_xip_cache/xip_cache.c.o
LOAD CMakeFiles/vga.dir/home/dwerner/pico-sdk/src/rp2_common/hardware_pio/pio.c.o
LOAD pico-sdk/src/rp2040/boot_stage2/CMakeFiles/bs2_default_library.dir/bs2_default_padded_checksummed.S.o
LOAD /usr/lib/gcc/arm-none-eabi/10.3.1/../../../arm-none-eabi/lib/thumb/v6-m/nofp/libstdc++.a
LOAD /usr/lib/gcc/arm-none-eabi/10.3.1/../../../arm-none-eabi/lib/thumb/v6-m/nofp/libm.a
START GROUP
LOAD /usr/lib/gcc/arm-none-eabi/10.3.1/thumb/v6-m/nofp/libgcc.a
LOAD /usr/lib/gcc/arm-none-eabi/10.3.1/../../../arm-none-eabi/lib/thumb/v6-m/nofp/libg.a
LOAD /usr/lib/gcc/arm-none-eabi/10.3.1/../../../arm-none-eabi/lib/thumb/v6-m/nofp/libc.a
END GROUP
START GROUP
LOAD /usr/lib/gcc/arm-none-eabi/10.3.1/thumb/v6-m/nofp/libgcc.a
LOAD /usr/lib/gcc/arm-none-eabi/10.3.1/../../../arm-none-eabi/lib/thumb/v6-m/nofp/libc.a
LOAD /usr/lib/gcc/arm-none-eabi/10.3.1/../../../arm-none-eabi/lib/thumb/v6-m/nofp/libnosys.a
END GROUP
LOAD /usr/lib/gcc/arm-none-eabi/10.3.1/thumb/v6-m/nofp/crtend.o
LOAD /usr/lib/gcc/arm-none-eabi/10.3.1/thumb/v6-m/nofp/crtn.o
OUTPUT(vga.elf elf32-littlearm)
LOAD linker stubs

.ARM.attributes
                0x0000000000000000       0x28
 .ARM.attributes
                0x0000000000000000       0x1e /usr/lib/gcc/arm-none-eabi/10.3.1/thumb/v6-m/nofp/crti.o
 .ARM.attributes
                0x000000000000001e       0x2c /usr/lib/gcc/arm-none-eabi/10.3.1/thumb/v6-m/nofp/crtbegin.o
 .ARM.attributes
                0x000000000000004a       0x2c CMakeFiles/vga.dir/main.c.o
 .ARM.attributes
                0x0000000000000076       0x2c CMakeFiles/vga.dir/abus.c.o
 .ARM.attributes
                0x00000000000000a2       0x32 CMakeFiles/vga.dir/buffers.c.o
 .ARM.attributes
                0x00000000000000d4       0x32 CMakeFiles/vga.dir/colors.c.o
 .ARM.attributes
                0x0000000000000106       0x2c CMakeFiles/vga.dir/config.c.o
 .ARM.attributes
                0x0000000000000132       0x2c CMakeFiles/vga.dir/device_regs.c.o
 .ARM.attributes
                0x000000000000015e       0x2c CMakeFiles/vga.dir/render.c.o
 .ARM.attributes
                0x000000000000018a       0x2c CMakeFiles/vga.dir/render_hires.c.o
 .ARM.attributes
                0x00000000000001b6       0x2c CMakeFiles/vga.dir/render_lores.c.o
 .ARM.attributes
                0x00000000000001e2       0x2c CMakeFiles/vga.dir/render_text.c.o
 .ARM.attributes
                0x000000000000020e       0x32 CMakeFiles/vga.dir/textfont/iie_us_enhanced.c.o
 .ARM.attributes
                0x0000000000000240       0x32 CMakeFiles/vga.dir/textfont/textfont.c.o
 .ARM.attributes
                0x0000000000000272       0x2c CMakeFiles/vga.dir/vga.c.o
 .ARM.attributes
                0x000000000000029e       0x2c CMakeFiles/vga.dir/home/dwerner/pico-sdk/src/rp2_common/pico_multicore/multicore.c.o
 .ARM.attributes
                0x00000000000002ca       0x2c CMakeFiles/vga.dir/home/dwerner/pico-sdk/src/common/pico_sync/lock_core.c.o
 .ARM.attributes
                0x00000000000002f6       0x2c CMakeFiles/vga.dir/home/dwerner/pico-sdk/src/common/pico_sync/mutex.c.o
 .ARM.attributes
                0x0000000000000322       0x2c CMakeFiles/vga.dir/home/dwerner/pico-sdk/src/common/pico_time/time.c.o
 .ARM.attributes
                0x000000000000034e       0x2c CMakeFiles/vga.dir/home/dwerner/pico-sdk/src/rp2_common/hardware_timer/timer.c.o
 .ARM.attributes
                0x000000000000037a       0x2c CMakeFiles/vga.dir/home/dwerner/pico-sdk/src/rp2_common/pico_platform_panic/panic.c.o
 .ARM.attributes
                0x00000000000003a6       0x2c CMakeFiles/vga.dir/home/dwerner/pico-sdk/src/common/hardware_claim/claim.c.o
 .ARM.attributes
                0x00000000000003d2       0x2c CMakeFiles/vga.dir/home/dwerner/pico-sdk/src/rp2_common/hardware_sync/sync.c.o
 .ARM.attributes
                0x00000000000003fe       0x2c CMakeFiles/vga.dir/home/dwerner/pico-sdk/src/rp2_common/hardware_sync_spin_lock/sync_spin_lock.c.o
 .ARM.attributes
                0x000000000000042a       0x2c CMakeFiles/vga.dir/home/dwerner/pico-sdk/src/rp2_common/hardware_irq/irq.c.o
 .ARM.attributes
                0x0000000000000456       0x2c CMakeFiles/vga.dir/home/dwerner/pico-sdk/src/rp2_common/hardware_gpio/gpio.c.o
 .ARM.attributes
                0x0000000000000482       0x2c CMakeFiles/vga.dir/home/dwerner/pico-sdk/src/rp2_common/hardware_clocks/clocks.c.o
 .ARM.attributes
                0x00000000000004ae       0x2c CMakeFiles/vga.dir/home/dwerner/pico-sdk/src/rp2_common/hardware_pll/pll.c.o
 .ARM.attributes
                0x00000000000004da       0x2c CMakeFiles/vga.dir/home/dwerner/pico-sdk/src/rp2_common/hardware_ticks/ticks.c.o
 .ARM.attributes
                0x0000000000000506       0x2c CMakeFiles/vga.dir/home/dwerner/pico-sdk/src/rp2_common/pico_bootrom/bootrom.c.o
 .ARM.attributes
                0x0000000000000532       0x2c CMakeFiles/vga.dir/home/dwerner/pico-sdk/src/rp2_common/hardware_xosc/xosc.c.o
 .ARM.attributes
                0x000000000000055e       0x2c CMakeFiles/vga.dir/home/dwerner/pico-sdk/src/rp2_common/pico_runtime/runtime.c.o
 .ARM.attributes
                0x000000000000058a       0x2c CMakeFiles/vga.dir/home/dwerner/pico-sdk/src/rp2_common/pico_runtime_init/runtime_init.c.o
 .ARM.attributes
                0x00000000000005b6       0x2c CMakeFiles/vga.dir/home/dwerner/pico-sdk/src/rp2_common/pico_runtime_init/runtime_init_clocks.c.o
 .ARM.attributes
                0x00000000000005e2       0x22 CMakeFiles/vga.dir/home/dwerner/pico-sdk/src/rp2_common/pico_bit_ops/bit_ops_aeabi.S.o
 .ARM.attributes
                0x0000000000000604       0x22 CMakeFiles/vga.dir/home/dwerner/pico-sdk/src/rp2_common/pico_divider/divider_hardware.S.o
 .ARM.attributes
                0x0000000000000626       0x22 CMakeFiles/vga.dir/home/dwerner/pico-sdk/src/rp2_common/pico_double/double_aeabi_rp2040.S.o
 .ARM.attributes
                0x0000000000000648       0x2c CMakeFiles/vga.dir/home/dwerner/pico-sdk/src/rp2_common/pico_double/double_init_rom_rp2040.c.o
 .ARM.attributes
                0x0000000000000674       0x22 CMakeFiles/vga.dir/home/dwerner/pico-sdk/src/rp2_common/pico_double/double_v1_rom_shim_rp2040.S.o
 .ARM.attributes
                0x0000000000000696       0x22 CMakeFiles/vga.dir/home/dwerner/pico-sdk/src/rp2_common/pico_float/float_aeabi_rp2040.S.o
 .ARM.attributes
                0x00000000000006b8       0x2c CMakeFiles/vga.dir/home/dwerner/pico-sdk/src/rp2_common/pico_float/float_init_rom_rp2040.c.o
 .ARM.attributes
                0x00000000000006e4       0x22 CMakeFiles/vga.dir/home/dwerner/pico-sdk/src/rp2_common/pico_float/float_v1_rom_shim_rp2040.S.o
 .ARM.attributes
                0x0000000000000706       0x2c CMakeFiles/vga.dir/home/dwerner/pico-sdk/src/rp2_common/pico_malloc/malloc.c.o
 .ARM.attributes
                0x0000000000000732       0x22 CMakeFiles/vga.dir/home/dwerner/pico-sdk/src/rp2_common/pico_mem_ops/mem_ops_aeabi.S.o
 .ARM.attributes
                0x0000000000000754       0x32 CMakeFiles/vga.dir/home/dwerner/pico-sdk/src/rp2_common/pico_standard_binary_info/standard_binary_info.c.o
 .ARM.attributes
                0x0000000000000786       0x2c CMakeFiles/vga.dir/home/dwerner/pico-sdk/src/rp2_common/pico_printf/printf.c.o
 .ARM.attributes
                0x00000000000007b2       0x22 CMakeFiles/vga.dir/home/dwerner/pico-sdk/src/rp2_common/pico_crt0/crt0.S.o
 .ARM.attributes
                0x00000000000007d4       0x2c CMakeFiles/vga.dir/home/dwerner/pico-sdk/src/rp2_common/pico_clib_interface/newlib_interface.c.o
 .ARM.attributes
                0x0000000000000800       0x2c CMakeFiles/vga.dir/home/dwerner/pico-sdk/src/rp2_common/pico_stdio/stdio.c.o
 .ARM.attributes
                0x000000000000082c       0x2c CMakeFiles/vga.dir/home/dwerner/pico-sdk/src/rp2_common/hardware_dma/dma.c.o
 .ARM.attributes
                0x0000000000000858       0x2c CMakeFiles/vga.dir/home/dwerner/pico-sdk/src/rp2_common/hardware_flash/flash.c.o
 .ARM.attributes
                0x0000000000000884       0x2c CMakeFiles/vga.dir/home/dwerner/pico-sdk/src/rp2_common/hardware_pio/pio.c.o
 .ARM.attributes
                0x00000000000008b0       0x22 pico-sdk/src/rp2040/boot_stage2/CMakeFiles/bs2_default_library.dir/bs2_default_padded_checksummed.S.o
 .ARM.attributes
                0x00000000000008d2       0x1e /usr/lib/gcc/arm-none-eabi/10.3.1/thumb/v6-m/nofp/libgcc.a(_dvmd_tls.o)
 .ARM.attributes
                0x00000000000008f0       0x2c /usr/lib/gcc/arm-none-eabi/10.3.1/../../../arm-none-eabi/lib/thumb/v6-m/nofp/libg.a(lib_a-impure.o)
 .ARM.attributes
                0x000000000000091c       0x2c /usr/lib/gcc/arm-none-eabi/10.3.1/../../../arm-none-eabi/lib/thumb/v6-m/nofp/libg.a(lib_a-malloc.o)
 .ARM.attributes
                0x0000000000000948       0x2c /usr/lib/gcc/arm-none-eabi/10.3.1/../../../arm-none-eabi/lib/thumb/v6-m/nofp/libg.a(lib_a-mallocr.o)
 .ARM.attributes
                0x0000000000000974       0x2c /usr/lib/gcc/arm-none-eabi/10.3.1/../../../arm-none-eabi/lib/thumb/v6-m/nofp/libg.a(lib_a-mlock.o)
 .ARM.attributes
                0x00000000000009a0       0x2c /usr/lib/gcc/arm-none-eabi/10.3.1/../../../arm-none-eabi/lib/thumb/v6-m/nofp/libg.a(lib_a-sbrkr.o)
 .ARM.attributes
                0x00000000000009cc       0x2c /usr/lib/gcc/arm-none-eabi/10.3.1/../../../arm-none-eabi/lib/thumb/v6-m/nofp/libg.a(lib_a-strlen-stub.o)
 .ARM.attributes
                0x00000000000009f8       0x2c /usr/lib/gcc/arm-none-eabi/10.3.1/../../../arm-none-eabi/lib/thumb/v6-m/nofp/libg.a(lib_a-freer.o)
 .ARM.attributes
                0x0000000000000a24       0x2c /usr/lib/gcc/arm-none-eabi/10.3.1/../../../arm-none-eabi/lib/thumb/v6-m/nofp/libg.a(lib_a-reent.o)
 .ARM.attributes
                0x0000000000000a50       0x2c /usr/lib/gcc/arm-none-eabi/10.3.1/thumb/v6-m/nofp/crtend.o

.comment        0x0000000000000000       0x33
 .comment       0x0000000000000000       0x33 /usr/lib/gcc/arm-none-eabi/10.3.1/thumb/v6-m/nofp/crtbegin.o
                                         0x34 (size before relaxing)
 .comment       0x0000000000000033       0x34 CMakeFiles/vga.dir/main.c.o
 .comment       0x0000000000000033       0x34 CMakeFiles/vga.dir/abus.c.o
 .comment       0x0000000000000033       0x34 CMakeFiles/vga.dir/buffers.c.o
 .comment       0x0000000000000033       0x34 CMakeFiles/vga.dir/colors.c.o
 .comment       0x0000000000000033       0x34 CMakeFiles/vga.dir/config.c.o
 .comment       0x0000000000000033       0x34 CMakeFiles/vga.dir/device_regs.c.o
 .comment       0x0000000000000033       0x34 CMakeFiles/vga.dir/render.c.o
 .comment       0x0000000000000033       0x34 CMakeFiles/vga.dir/render_hires.c.o
 .comment       0x0000000000000033       0x34 CMakeFiles/vga.dir/render_lores.c.o
 .comment       0x0000000000000033       0x34 CMakeFiles/vga.dir/render_text.c.o
 .comment       0x0000000000000033       0x34 CMakeFiles/vga.dir/textfont/iie_us_enhanced.c.o
 .comment       0x0000000000000033       0x34 CMakeFiles/vga.dir/textfont/textfont.c.o
 .comment       0x0000000000000033       0x34 CMakeFiles/vga.dir/vga.c.o
 .comment       0x0000000000000033       0x34 CMakeFiles/vga.dir/home/dwerner/pico-sdk/src/rp2_common/pico_multicore/multicore.c.o
 .comment       0x0000000000000033       0x34 CMakeFiles/vga.dir/home/dwerner/pico-sdk/src/common/pico_sync/lock_core.c.o
 .comment       0x0000000000000033       0x34 CMakeFiles/vga.dir/home/dwerner/pico-sdk/src/common/pico_sync/mutex.c.o
 .comment       0x0000000000000033       0x34 CMakeFiles/vga.dir/home/dwerner/pico-sdk/src/common/pico_time/time.c.o
 .comment       0x0000000000000033       0x34 CMakeFiles/vga.dir/home/dwerner/pico-sdk/src/rp2_common/hardware_timer/timer.c.o
 .comment       0x0000000000000033       0x34 CMakeFiles/vga.dir/home/dwerner/pico-sdk/src/rp2_common/pico_platform_panic/panic.c.o
 .comment       0x0000000000000033       0x34 CMakeFiles/vga.dir/home/dwerner/pico-sdk/src/common/hardware_claim/claim.c.o
 .comment       0x0000000000000033       0x34 CMakeFiles/vga.dir/home/dwerner/pico-sdk/src/rp2_common/hardware_sync/sync.c.o
 .comment       0x0000000000000033       0x34 CMakeFiles/vga.dir/home/dwerner/pico-sdk/src/rp2_common/hardware_sync_spin_lock/sync_spin_lock.c.o
 .comment       0x0000000000000033       0x34 CMakeFiles/vga.dir/home/dwerner/pico-sdk/src/rp2_common/hardware_irq/irq.c.o
 .comment       0x0000000000000033       0x34 CMakeFiles/vga.dir/home/dwerner/pico-sdk/src/rp2_common/hardware_gpio/gpio.c.o
 .comment       0x0000000000000033       0x34 CMakeFiles/vga.dir/home/dwerner/pico-sdk/src/rp2_common/hardware_clocks/clocks.c.o
 .comment       0x0000000000000033       0x34 CMakeFiles/vga.dir/home/dwerner/pico-sdk/src/rp2_common/hardware_pll/pll.c.o
 .comment       0x0000000000000033       0x34 CMakeFiles/vga.dir/home/dwerner/pico-sdk/src/rp2_common/hardware_ticks/ticks.c.o
 .comment       0x0000000000000033       0x34 CMakeFiles/vga.dir/home/dwerner/pico-sdk/src/rp2_common/pico_bootrom/bootrom.c.o
 .comment       0x0000000000000033       0x34 CMakeFiles/vga.dir/home/dwerner/pico-sdk/src/rp2_common/hardware_xosc/xosc.c.o
 .comment       0x0000000000000033       0x34 CMakeFiles/vga.dir/home/dwerner/pico-sdk/src/rp2_common/pico_runtime/runtime.c.o
 .comment       0x0000000000000033       0x34 CMakeFiles/vga.dir/home/dwerner/pico-sdk/src/rp2_common/pico_runtime_init/runtime_init.c.o
 .comment       0x0000000000000033       0x34 CMakeFiles/vga.dir/home/dwerner/pico-sdk/src/rp2_common/pico_runtime_init/runtime_init_clocks.c.o
 .comment       0x0000000000000033       0x34 CMakeFiles/vga.dir/home/dwerner/pico-sdk/src/rp2_common/pico_double/double_init_rom_rp2040.c.o
 .comment       0x0000000000000033       0x34 CMakeFiles/vga.dir/home/dwerner/pico-sdk/src/rp2_common/pico_float/float_init_rom_rp2040.c.o
 .comment       0x0000000000000033       0x34 CMakeFiles/vga.dir/home/dwerner/pico-sdk/src/rp2_common/pico_malloc/malloc.c.o
 .comment       0x0000000000000033       0x34 CMakeFiles/vga.dir/home/dwerner/pico-sdk/src/rp2_common/pico_standard_binary_info/standard_binary_info.c.o
 .comment       0x0000000000000033       0x34 CMakeFiles/vga.dir/home/dwerner/pico-sdk/src/rp2_common/pico_printf/printf.c.o
 .comment       0x0000000000000033       0x34 CMakeFiles/vga.dir/home/dwerner/pico-sdk/src/rp2_common/pico_clib_interface/newlib_interface.c.o
 .comment       0x0000000000000033       0x34 CMakeFiles/vga.dir/home/dwerner/pico-sdk/src/rp2_common/pico_stdio/stdio.c.o
 .comment       0x0000000000000033       0x34 CMakeFiles/vga.dir/home/dwerner/pico-sdk/src/rp2_common/hardware_dma/dma.c.o
 .comment       0x0000000000000033       0x34 CMakeFiles/vga.dir/home/dwerner/pico-sdk/src/rp2_common/hardware_flash/flash.c.o
 .comment       0x0000000000000033       0x34 CMakeFiles/vga.dir/home/dwerner/pico-sdk/src/rp2_common/hardware_pio/pio.c.o
 .comment       0x0000000000000033       0x34 /usr/lib/gcc/arm-none-eabi/10.3.1/../../../arm-none-eabi/lib/thumb/v6-m/nofp/libg.a(lib_a-impure.o)
 .comment       0x0000000000000033       0x34 /usr/lib/gcc/arm-none-eabi/10.3.1/../../../arm-none-eabi/lib/thumb/v6-m/nofp/libg.a(lib_a-malloc.o)
 .comment       0x0000000000000033       0x34 /usr/lib/gcc/arm-none-eabi/10.3.1/../../../arm-none-eabi/lib/thumb/v6-m/nofp/libg.a(lib_a-mallocr.o)
 .comment       0x0000000000000033       0x34 /usr/lib/gcc/arm-none-eabi/10.3.1/../../../arm-none-eabi/lib/thumb/v6-m/nofp/libg.a(lib_a-mlock.o)
 .comment       0x0000000000000033       0x34 /usr/lib/gcc/arm-none-eabi/10.3.1/../../../arm-none-eabi/lib/thumb/v6-m/nofp/libg.a(lib_a-sbrkr.o)
 .comment       0x0000000000000033       0x34 /usr/lib/gcc/arm-none-eabi/10.3.1/../../../arm-none-eabi/lib/thumb/v6-m/nofp/libg.a(lib_a-strlen-stub.o)
 .comment       0x0000000000000033       0x34 /usr/lib/gcc/arm-none-eabi/10.3.1/../../../arm-none-eabi/lib/thumb/v6-m/nofp/libg.a(lib_a-freer.o)
 .comment       0x0000000000000033       0x34 /usr/lib/gcc/arm-none-eabi/10.3.1/../../../arm-none-eabi/lib/thumb/v6-m/nofp/libg.a(lib_a-reent.o)
 .comment       0x0000000000000033       0x34 /usr/lib/gcc/arm-none-eabi/10.3.1/thumb/v6-m/nofp/crtend.o

.debug_info     0x0000000000000000    0x2b722
 .debug_info    0x0000000000000000      0x693 CMakeFiles/vga.dir/main.c.o
 .debug_info    0x0000000000000693     0x10c1 CMakeFiles/vga.dir/abus.c.o
 .debug_info    0x0000000000001754      0x25a CMakeFiles/vga.dir/buffers.c.o
 .debug_info    0x00000000000019ae       0xa4 CMakeFiles/vga.dir/colors.c.o
 .debug_info    0x0000000000001a52      0x33a CMakeFiles/vga.dir/config.c.o
 .debug_info    0x0000000000001d8c      0x244 CMakeFiles/vga.dir/device_regs.c.o
 .debug_info    0x0000000000001fd0      0x11c CMakeFiles/vga.dir/render.c.o
 .debug_info    0x00000000000020ec      0xb4a CMakeFiles/vga.dir/render_hires.c.o
 .debug_info    0x0000000000002c36      0x643 CMakeFiles/vga.dir/render_lores.c.o
 .debug_info    0x0000000000003279      0x583 CMakeFiles/vga.dir/render_text.c.o
 .debug_info    0x00000000000037fc       0xac CMakeFiles/vga.dir/textfont/iie_us_enhanced.c.o
 .debug_info    0x00000000000038a8       0xb7 CMakeFiles/vga.dir/textfont/textfont.c.o
 .debug_info    0x000000000000395f     0x2ae0 CMakeFiles/vga.dir/vga.c.o
 .debug_info    0x000000000000643f     0x1f55 CMakeFiles/vga.dir/home/dwerner/pico-sdk/src/rp2_common/pico_multicore/multicore.c.o
 .debug_info    0x0000000000008394      0x154 CMakeFiles/vga.dir/home/dwerner/pico-sdk/src/common/pico_sync/lock_core.c.o
 .debug_info    0x00000000000084e8     0x2a97 CMakeFiles/vga.dir/home/dwerner/pico-sdk/src/common/pico_sync/mutex.c.o
 .debug_info    0x000000000000af7f     0x49ac CMakeFiles/vga.dir/home/dwerner/pico-sdk/src/common/pico_time/time.c.o
 .debug_info    0x000000000000f92b     0x2ac2 CMakeFiles/vga.dir/home/dwerner/pico-sdk/src/rp2_common/hardware_timer/timer.c.o
 .debug_info    0x00000000000123ed      0x19c CMakeFiles/vga.dir/home/dwerner/pico-sdk/src/rp2_common/pico_platform_panic/panic.c.o
 .debug_info    0x0000000000012589      0xa39 CMakeFiles/vga.dir/home/dwerner/pico-sdk/src/common/hardware_claim/claim.c.o
 .debug_info    0x0000000000012fc2      0x3dd CMakeFiles/vga.dir/home/dwerner/pico-sdk/src/rp2_common/hardware_sync/sync.c.o
 .debug_info    0x000000000001339f      0x242 CMakeFiles/vga.dir/home/dwerner/pico-sdk/src/rp2_common/hardware_sync_spin_lock/sync_spin_lock.c.o
 .debug_info    0x00000000000135e1     0x21fa CMakeFiles/vga.dir/home/dwerner/pico-sdk/src/rp2_common/hardware_irq/irq.c.o
 .debug_info    0x00000000000157db     0x24d4 CMakeFiles/vga.dir/home/dwerner/pico-sdk/src/rp2_common/hardware_gpio/gpio.c.o
 .debug_info    0x0000000000017caf     0x28ea CMakeFiles/vga.dir/home/dwerner/pico-sdk/src/rp2_common/hardware_clocks/clocks.c.o
 .debug_info    0x000000000001a599      0x4f9 CMakeFiles/vga.dir/home/dwerner/pico-sdk/src/rp2_common/hardware_pll/pll.c.o
 .debug_info    0x000000000001aa92      0x242 CMakeFiles/vga.dir/home/dwerner/pico-sdk/src/rp2_common/hardware_ticks/ticks.c.o
 .debug_info    0x000000000001acd4      0x4a4 CMakeFiles/vga.dir/home/dwerner/pico-sdk/src/rp2_common/pico_bootrom/bootrom.c.o
 .debug_info    0x000000000001b178      0x1c5 CMakeFiles/vga.dir/home/dwerner/pico-sdk/src/rp2_common/hardware_xosc/xosc.c.o
 .debug_info    0x000000000001b33d      0x208 CMakeFiles/vga.dir/home/dwerner/pico-sdk/src/rp2_common/pico_runtime/runtime.c.o
 .debug_info    0x000000000001b545      0x7c4 CMakeFiles/vga.dir/home/dwerner/pico-sdk/src/rp2_common/pico_runtime_init/runtime_init.c.o
 .debug_info    0x000000000001bd09      0x701 CMakeFiles/vga.dir/home/dwerner/pico-sdk/src/rp2_common/pico_runtime_init/runtime_init_clocks.c.o
 .debug_info    0x000000000001c40a       0x22 CMakeFiles/vga.dir/home/dwerner/pico-sdk/src/rp2_common/pico_bit_ops/bit_ops_aeabi.S.o
 .debug_info    0x000000000001c42c       0x22 CMakeFiles/vga.dir/home/dwerner/pico-sdk/src/rp2_common/pico_divider/divider_hardware.S.o
 .debug_info    0x000000000001c44e       0x22 CMakeFiles/vga.dir/home/dwerner/pico-sdk/src/rp2_common/pico_double/double_aeabi_rp2040.S.o
 .debug_info    0x000000000001c470      0x218 CMakeFiles/vga.dir/home/dwerner/pico-sdk/src/rp2_common/pico_double/double_init_rom_rp2040.c.o
 .debug_info    0x000000000001c688       0x22 CMakeFiles/vga.dir/home/dwerner/pico-sdk/src/rp2_common/pico_double/double_v1_rom_shim_rp2040.S.o
 .debug_info    0x000000000001c6aa       0x22 CMakeFiles/vga.dir/home/dwerner/pico-sdk/src/rp2_common/pico_float/float_aeabi_rp2040.S.o
 .debug_info    0x000000000001c6cc      0x222 CMakeFiles/vga.dir/home/dwerner/pico-sdk/src/rp2_common/pico_float/float_init_rom_rp2040.c.o
 .debug_info    0x000000000001c8ee       0x22 CMakeFiles/vga.dir/home/dwerner/pico-sdk/src/rp2_common/pico_float/float_v1_rom_shim_rp2040.S.o
 .debug_info    0x000000000001c910      0x54c CMakeFiles/vga.dir/home/dwerner/pico-sdk/src/rp2_common/pico_malloc/malloc.c.o
 .debug_info    0x000000000001ce5c       0x22 CMakeFiles/vga.dir/home/dwerner/pico-sdk/src/rp2_common/pico_mem_ops/mem_ops_aeabi.S.o
 .debug_info    0x000000000001ce7e      0x2cb CMakeFiles/vga.dir/home/dwerner/pico-sdk/src/rp2_common/pico_standard_binary_info/standard_binary_info.c.o
 .debug_info    0x000000000001d149     0x21b1 CMakeFiles/vga.dir/home/dwerner/pico-sdk/src/rp2_common/pico_printf/printf.c.o
 .debug_info    0x000000000001f2fa       0x22 CMakeFiles/vga.dir/home/dwerner/pico-sdk/src/rp2_common/pico_crt0/crt0.S.o
 .debug_info    0x000000000001f31c      0xb4e CMakeFiles/vga.dir/home/dwerner/pico-sdk/src/rp2_common/pico_clib_interface/newlib_interface.c.o
 .debug_info    0x000000000001fe6a     0x1ccb CMakeFiles/vga.dir/home/dwerner/pico-sdk/src/rp2_common/pico_stdio/stdio.c.o
 .debug_info    0x0000000000021b35      0x9f8 CMakeFiles/vga.dir/home/dwerner/pico-sdk/src/rp2_common/hardware_dma/dma.c.o
 .debug_info    0x000000000002252d      0xfac CMakeFiles/vga.dir/home/dwerner/pico-sdk/src/rp2_common/hardware_flash/flash.c.o
 .debug_info    0x00000000000234d9     0x345d CMakeFiles/vga.dir/home/dwerner/pico-sdk/src/rp2_common/hardware_pio/pio.c.o
 .debug_info    0x0000000000026936       0x26 /usr/lib/gcc/arm-none-eabi/10.3.1/thumb/v6-m/nofp/libgcc.a(_dvmd_tls.o)
 .debug_info    0x000000000002695c      0x92a /usr/lib/gcc/arm-none-eabi/10.3.1/../../../arm-none-eabi/lib/thumb/v6-m/nofp/libg.a(lib_a-impure.o)
 .debug_info    0x0000000000027286      0x998 /usr/lib/gcc/arm-none-eabi/10.3.1/../../../arm-none-eabi/lib/thumb/v6-m/nofp/libg.a(lib_a-malloc.o)
 .debug_info    0x0000000000027c1e      0xe80 /usr/lib/gcc/arm-none-eabi/10.3.1/../../../arm-none-eabi/lib/thumb/v6-m/nofp/libg.a(lib_a-mallocr.o)
 .debug_info    0x0000000000028a9e      0x942 /usr/lib/gcc/arm-none-eabi/10.3.1/../../../arm-none-eabi/lib/thumb/v6-m/nofp/libg.a(lib_a-mlock.o)
 .debug_info    0x00000000000293e0      0x98e /usr/lib/gcc/arm-none-eabi/10.3.1/../../../arm-none-eabi/lib/thumb/v6-m/nofp/libg.a(lib_a-sbrkr.o)
 .debug_info    0x0000000000029d6e       0xee /usr/lib/gcc/arm-none-eabi/10.3.1/../../../arm-none-eabi/lib/thumb/v6-m/nofp/libg.a(lib_a-strlen-stub.o)
 .debug_info    0x0000000000029e5c      0xce5 /usr/lib/gcc/arm-none-eabi/10.3.1/../../../arm-none-eabi/lib/thumb/v6-m/nofp/libg.a(lib_a-freer.o)
 .debug_info    0x000000000002ab41      0xbe1 /usr/lib/gcc/arm-none-eabi/10.3.1/../../../arm-none-eabi/lib/thumb/v6-m/nofp/libg.a(lib_a-reent.o)

.debug_abbrev   0x0000000000000000     0x7c19
 .debug_abbrev  0x0000000000000000      0x289 CMakeFiles/vga.dir/main.c.o
 .debug_abbrev  0x0000000000000289      0x3cc CMakeFiles/vga.dir/abus.c.o
 .debug_abbrev  0x0000000000000655       0x86 CMakeFiles/vga.dir/buffers.c.o
 .debug_abbrev  0x00000000000006db       0x70 CMakeFiles/vga.dir/colors.c.o
 .debug_abbrev  0x000000000000074b      0x17e CMakeFiles/vga.dir/config.c.o
 .debug_abbrev  0x00000000000008c9      0x12e CMakeFiles/vga.dir/device_regs.c.o
 .debug_abbrev  0x00000000000009f7       0x7c CMakeFiles/vga.dir/render.c.o
 .debug_abbrev  0x0000000000000a73      0x231 CMakeFiles/vga.dir/render_hires.c.o
 .debug_abbrev  0x0000000000000ca4      0x1c2 CMakeFiles/vga.dir/render_lores.c.o
 .debug_abbrev  0x0000000000000e66      0x1ed CMakeFiles/vga.dir/render_text.c.o
 .debug_abbrev  0x0000000000001053       0x70 CMakeFiles/vga.dir/textfont/iie_us_enhanced.c.o
 .debug_abbrev  0x00000000000010c3       0x79 CMakeFiles/vga.dir/textfont/textfont.c.o
 .debug_abbrev  0x000000000000113c      0x4ad CMakeFiles/vga.dir/vga.c.o
 .debug_abbrev  0x00000000000015e9      0x57a CMakeFiles/vga.dir/home/dwerner/pico-sdk/src/rp2_common/pico_multicore/multicore.c.o
 .debug_abbrev  0x0000000000001b63       0xee CMakeFiles/vga.dir/home/dwerner/pico-sdk/src/common/pico_sync/lock_core.c.o
 .debug_abbrev  0x0000000000001c51      0x413 CMakeFiles/vga.dir/home/dwerner/pico-sdk/src/common/pico_sync/mutex.c.o
 .debug_abbrev  0x0000000000002064      0x606 CMakeFiles/vga.dir/home/dwerner/pico-sdk/src/common/pico_time/time.c.o
 .debug_abbrev  0x000000000000266a      0x49d CMakeFiles/vga.dir/home/dwerner/pico-sdk/src/rp2_common/hardware_timer/timer.c.o
 .debug_abbrev  0x0000000000002b07       0xf4 CMakeFiles/vga.dir/home/dwerner/pico-sdk/src/rp2_common/pico_platform_panic/panic.c.o
 .debug_abbrev  0x0000000000002bfb      0x2e6 CMakeFiles/vga.dir/home/dwerner/pico-sdk/src/common/hardware_claim/claim.c.o
 .debug_abbrev  0x0000000000002ee1      0x1de CMakeFiles/vga.dir/home/dwerner/pico-sdk/src/rp2_common/hardware_sync/sync.c.o
 .debug_abbrev  0x00000000000030bf      0x1b2 CMakeFiles/vga.dir/home/dwerner/pico-sdk/src/rp2_common/hardware_sync_spin_lock/sync_spin_lock.c.o
 .debug_abbrev  0x0000000000003271      0x588 CMakeFiles/vga.dir/home/dwerner/pico-sdk/src/rp2_common/hardware_irq/irq.c.o
 .debug_abbrev  0x00000000000037f9      0x4b6 CMakeFiles/vga.dir/home/dwerner/pico-sdk/src/rp2_common/hardware_gpio/gpio.c.o
 .debug_abbrev  0x0000000000003caf      0x49f CMakeFiles/vga.dir/home/dwerner/pico-sdk/src/rp2_common/hardware_clocks/clocks.c.o
 .debug_abbrev  0x000000000000414e      0x1c6 CMakeFiles/vga.dir/home/dwerner/pico-sdk/src/rp2_common/hardware_pll/pll.c.o
 .debug_abbrev  0x0000000000004314      0x141 CMakeFiles/vga.dir/home/dwerner/pico-sdk/src/rp2_common/hardware_ticks/ticks.c.o
 .debug_abbrev  0x0000000000004455      0x1d9 CMakeFiles/vga.dir/home/dwerner/pico-sdk/src/rp2_common/pico_bootrom/bootrom.c.o
 .debug_abbrev  0x000000000000462e      0x118 CMakeFiles/vga.dir/home/dwerner/pico-sdk/src/rp2_common/hardware_xosc/xosc.c.o
 .debug_abbrev  0x0000000000004746      0x16c CMakeFiles/vga.dir/home/dwerner/pico-sdk/src/rp2_common/pico_runtime/runtime.c.o
 .debug_abbrev  0x00000000000048b2      0x20c CMakeFiles/vga.dir/home/dwerner/pico-sdk/src/rp2_common/pico_runtime_init/runtime_init.c.o
 .debug_abbrev  0x0000000000004abe      0x246 CMakeFiles/vga.dir/home/dwerner/pico-sdk/src/rp2_common/pico_runtime_init/runtime_init_clocks.c.o
 .debug_abbrev  0x0000000000004d04       0x12 CMakeFiles/vga.dir/home/dwerner/pico-sdk/src/rp2_common/pico_bit_ops/bit_ops_aeabi.S.o
 .debug_abbrev  0x0000000000004d16       0x12 CMakeFiles/vga.dir/home/dwerner/pico-sdk/src/rp2_common/pico_divider/divider_hardware.S.o
 .debug_abbrev  0x0000000000004d28       0x12 CMakeFiles/vga.dir/home/dwerner/pico-sdk/src/rp2_common/pico_double/double_aeabi_rp2040.S.o
 .debug_abbrev  0x0000000000004d3a      0x15c CMakeFiles/vga.dir/home/dwerner/pico-sdk/src/rp2_common/pico_double/double_init_rom_rp2040.c.o
 .debug_abbrev  0x0000000000004e96       0x12 CMakeFiles/vga.dir/home/dwerner/pico-sdk/src/rp2_common/pico_double/double_v1_rom_shim_rp2040.S.o
 .debug_abbrev  0x0000000000004ea8       0x12 CMakeFiles/vga.dir/home/dwerner/pico-sdk/src/rp2_common/pico_float/float_aeabi_rp2040.S.o
 .debug_abbrev  0x0000000000004eba      0x15c CMakeFiles/vga.dir/home/dwerner/pico-sdk/src/rp2_common/pico_float/float_init_rom_rp2040.c.o
 .debug_abbrev  0x0000000000005016       0x12 CMakeFiles/vga.dir/home/dwerner/pico-sdk/src/rp2_common/pico_float/float_v1_rom_shim_rp2040.S.o
 .debug_abbrev  0x0000000000005028      0x1b4 CMakeFiles/vga.dir/home/dwerner/pico-sdk/src/rp2_common/pico_malloc/malloc.c.o
 .debug_abbrev  0x00000000000051dc       0x12 CMakeFiles/vga.dir/home/dwerner/pico-sdk/src/rp2_common/pico_mem_ops/mem_ops_aeabi.S.o
 .debug_abbrev  0x00000000000051ee       0xad CMakeFiles/vga.dir/home/dwerner/pico-sdk/src/rp2_common/pico_standard_binary_info/standard_binary_info.c.o
 .debug_abbrev  0x000000000000529b      0x517 CMakeFiles/vga.dir/home/dwerner/pico-sdk/src/rp2_common/pico_printf/printf.c.o
 .debug_abbrev  0x00000000000057b2       0x12 CMakeFiles/vga.dir/home/dwerner/pico-sdk/src/rp2_common/pico_crt0/crt0.S.o
 .debug_abbrev  0x00000000000057c4      0x315 CMakeFiles/vga.dir/home/dwerner/pico-sdk/src/rp2_common/pico_clib_interface/newlib_interface.c.o
 .debug_abbrev  0x0000000000005ad9      0x58d CMakeFiles/vga.dir/home/dwerner/pico-sdk/src/rp2_common/pico_stdio/stdio.c.o
 .debug_abbrev  0x0000000000006066      0x28e CMakeFiles/vga.dir/home/dwerner/pico-sdk/src/rp2_common/hardware_dma/dma.c.o
 .debug_abbrev  0x00000000000062f4      0x359 CMakeFiles/vga.dir/home/dwerner/pico-sdk/src/rp2_common/hardware_flash/flash.c.o
 .debug_abbrev  0x000000000000664d      0x4c3 CMakeFiles/vga.dir/home/dwerner/pico-sdk/src/rp2_common/hardware_pio/pio.c.o
 .debug_abbrev  0x0000000000006b10       0x14 /usr/lib/gcc/arm-none-eabi/10.3.1/thumb/v6-m/nofp/libgcc.a(_dvmd_tls.o)
 .debug_abbrev  0x0000000000006b24      0x1b8 /usr/lib/gcc/arm-none-eabi/10.3.1/../../../arm-none-eabi/lib/thumb/v6-m/nofp/libg.a(lib_a-impure.o)
 .debug_abbrev  0x0000000000006cdc      0x21a /usr/lib/gcc/arm-none-eabi/10.3.1/../../../arm-none-eabi/lib/thumb/v6-m/nofp/libg.a(lib_a-malloc.o)
 .debug_abbrev  0x0000000000006ef6      0x2f6 /usr/lib/gcc/arm-none-eabi/10.3.1/../../../arm-none-eabi/lib/thumb/v6-m/nofp/libg.a(lib_a-mallocr.o)
 .debug_abbrev  0x00000000000071ec      0x1f0 /usr/lib/gcc/arm-none-eabi/10.3.1/../../../arm-none-eabi/lib/thumb/v6-m/nofp/libg.a(lib_a-mlock.o)
 .debug_abbrev  0x00000000000073dc      0x23d /usr/lib/gcc/arm-none-eabi/10.3.1/../../../arm-none-eabi/lib/thumb/v6-m/nofp/libg.a(lib_a-sbrkr.o)
 .debug_abbrev  0x0000000000007619       0x8f /usr/lib/gcc/arm-none-eabi/10.3.1/../../../arm-none-eabi/lib/thumb/v6-m/nofp/libg.a(lib_a-strlen-stub.o)
 .debug_abbrev  0x00000000000076a8      0x2a1 /usr/lib/gcc/arm-none-eabi/10.3.1/../../../arm-none-eabi/lib/thumb/v6-m/nofp/libg.a(lib_a-freer.o)
 .debug_abbrev  0x0000000000007949      0x2d0 /usr/lib/gcc/arm-none-eabi/10.3.1/../../../arm-none-eabi/lib/thumb/v6-m/nofp/libg.a(lib_a-reent.o)

.debug_loc      0x0000000000000000    0x20fab
 .debug_loc     0x0000000000000000       0x8c CMakeFiles/vga.dir/main.c.o
 .debug_loc     0x000000000000008c      0x508 CMakeFiles/vga.dir/abus.c.o
 .debug_loc     0x0000000000000594       0x37 CMakeFiles/vga.dir/config.c.o
 .debug_loc     0x00000000000005cb      0x17c CMakeFiles/vga.dir/device_regs.c.o
 .debug_loc     0x0000000000000747      0xd26 CMakeFiles/vga.dir/render_hires.c.o
 .debug_loc     0x000000000000146d      0x61c CMakeFiles/vga.dir/render_lores.c.o
 .debug_loc     0x0000000000001a89      0xb21 CMakeFiles/vga.dir/render_text.c.o
 .debug_loc     0x00000000000025aa     0x138f CMakeFiles/vga.dir/vga.c.o
 .debug_loc     0x0000000000003939     0x11f5 CMakeFiles/vga.dir/home/dwerner/pico-sdk/src/rp2_common/pico_multicore/multicore.c.o
 .debug_loc     0x0000000000004b2e       0x4d CMakeFiles/vga.dir/home/dwerner/pico-sdk/src/common/pico_sync/lock_core.c.o
 .debug_loc     0x0000000000004b7b     0x1b8e CMakeFiles/vga.dir/home/dwerner/pico-sdk/src/common/pico_sync/mutex.c.o
 .debug_loc     0x0000000000006709     0x401c CMakeFiles/vga.dir/home/dwerner/pico-sdk/src/common/pico_time/time.c.o
 .debug_loc     0x000000000000a725     0x2541 CMakeFiles/vga.dir/home/dwerner/pico-sdk/src/rp2_common/hardware_timer/timer.c.o
 .debug_loc     0x000000000000cc66      0x6c7 CMakeFiles/vga.dir/home/dwerner/pico-sdk/src/common/hardware_claim/claim.c.o
 .debug_loc     0x000000000000d32d      0x154 CMakeFiles/vga.dir/home/dwerner/pico-sdk/src/rp2_common/hardware_sync/sync.c.o
 .debug_loc     0x000000000000d481       0xb5 CMakeFiles/vga.dir/home/dwerner/pico-sdk/src/rp2_common/hardware_sync_spin_lock/sync_spin_lock.c.o